
> graphemer@1.4.0 pretest
> npm run build


> graphemer@1.4.0 build
> tsc --project tsconfig.json


> graphemer@1.4.0 test
> ts-node node_modules/tape/bin/tape tests/**.ts

TAP version 13
# compat test
ok 1 # Graphemer: Unicode Character Splitter 🪓
ok 2
ok 3 ## Introduction
ok 4
ok 5 This library continues the work of [Grapheme Splitter](https://github.com/orling/grapheme-splitter) and supports the following unicode versions:
ok 6
ok 7 - Unicode 15 and below `[v1.4.0]`
ok 8 - Unicode 14 and below `[v1.3.0]`
ok 9 - Unicode 13 and below `[v1.1.0]`
ok 10 - Unicode 11 and below `[v1.0.0]` (Unicode 10 supported by `grapheme-splitter`)
ok 11
ok 12 In JavaScript there is not always a one-to-one relationship between string characters and what a user would call a separate visual "letter". Some symbols are represented by several characters. This can cause issues when splitting strings and inadvertently cutting a multi-char letter in half, or when you need the actual number of letters in a string.
ok 13
ok 14 For example, emoji characters like "🌷","🎁","💩","😜" and "👍" are represented by two JavaScript characters each (high surrogate and low surrogate). That is,
ok 15
ok 16 ```javascript
ok 17 '🌷'.length == 2;
ok 18 ```
ok 19
ok 20 The combined emoji are even longer:
ok 21
ok 22 ```javascript
ok 23 '🏳️‍🌈'.length == 6;
ok 24 ```
ok 25
ok 26 What's more, some languages often include combining marks - characters that are used to modify the letters before them. Common examples are the German letter ü and the Spanish letter ñ. Sometimes they can be represented alternatively both as a single character and as a letter + combining mark, with both forms equally valid:
ok 27
ok 28 ```javascript
ok 29 var two = 'ñ'; // unnormalized two-char n+◌̃, i.e. "\u006E\u0303";
ok 30 var one = 'ñ'; // normalized single-char, i.e. "\u00F1"
ok 31
ok 32 console.log(one != two); // prints 'true'
ok 33 ```
ok 34
ok 35 Unicode normalization, as performed by the popular punycode.js library or ECMAScript 6's String.normalize, can **sometimes** fix those differences and turn two-char sequences into single characters. But it is **not** enough in all cases. Some languages like Hindi make extensive use of combining marks on their letters, that have no dedicated single-codepoint Unicode sequences, due to the sheer number of possible combinations.
not ok 36 For example, the Hindi word "अनुच्छेद" is comprised of 5 letters and 3 combining marks:
  ---
    operator: deepLooseEqual
    expected: |-
      [ 'F', 'o', 'r', ' ', 'e', 'x', 'a', 'm', 'p', 'l', 'e', ',', ' ', 't', 'h', 'e', ' ', 'H', 'i', 'n', 'd', 'i', ' ', 'w', 'o', 'r', 'd', ' ', '"', 'अ', 'नु', 'च्छे', 'द', '"', ' ', 'i', 's', ' ', 'c', 'o', 'm', 'p', 'r', 'i', 's', 'e', 'd', ' ', 'o', 'f', ' ', '5', ' ', 'l', 'e', 't', 't', 'e', 'r', 's', ' ', 'a', 'n', 'd', ' ', '3', ' ', 'c', 'o', 'm', 'b', 'i', 'n', 'i', 'n', 'g', ' ', 'm', 'a', 'r', 'k', 's', ':' ]
    actual: |-
      [ 'F', 'o', 'r', ' ', 'e', 'x', 'a', 'm', 'p', 'l', 'e', ',', ' ', 't', 'h', 'e', ' ', 'H', 'i', 'n', 'd', 'i', ' ', 'w', 'o', 'r', 'd', ' ', '"', 'अ', 'नु', 'च्', 'छे', 'द', '"', ' ', 'i', 's', ' ', 'c', 'o', 'm', 'p', 'r', 'i', 's', 'e', 'd', ' ', 'o', 'f', ' ', '5', ' ', 'l', 'e', 't', 't', 'e', 'r', 's', ' ', 'a', 'n', 'd', ' ', '3', ' ', 'c', 'o', 'm', 'b', 'i', 'n', 'i', 'n', 'g', ' ', 'm', 'a', 'r', 'k', 's', ':' ]
    at: <anonymous> (/Users/ohta2346/git/graphemer/tests/compat.test.ts:33:7)
    stack: |-
      Error: For example, the Hindi word "अनुच्छेद" is comprised of 5 letters and 3 combining marks:
          at Test.assert [as _assert] (/Users/ohta2346/git/graphemer/node_modules/tape/lib/test.js:274:54)
          at Test.bound [as _assert] (/Users/ohta2346/git/graphemer/node_modules/tape/lib/test.js:88:32)
          at Test.deepLooseEqual (/Users/ohta2346/git/graphemer/node_modules/tape/lib/test.js:486:10)
          at Test.bound [as deepLooseEqual] (/Users/ohta2346/git/graphemer/node_modules/tape/lib/test.js:88:32)
          at /Users/ohta2346/git/graphemer/tests/compat.test.ts:33:7
          at Array.forEach (<anonymous>)
          at Test.<anonymous> (/Users/ohta2346/git/graphemer/tests/compat.test.ts:30:12)
          at Test.bound [as _cb] (/Users/ohta2346/git/graphemer/node_modules/tape/lib/test.js:88:32)
          at Test.run (/Users/ohta2346/git/graphemer/node_modules/tape/lib/test.js:105:10)
          at Test.bound [as run] (/Users/ohta2346/git/graphemer/node_modules/tape/lib/test.js:88:32)
  ...
ok 37
ok 38 अ + न + ु + च + ् + छ + े + द
ok 39
ok 40 which is in fact just 5 user-perceived letters:
ok 41
ok 42 अ + नु + च् + छे + द
ok 43
ok 44 and which Unicode normalization would not combine properly.
ok 45 There are also the unusual letter+combining mark combinations which have no dedicated Unicode codepoint. The string Z͑ͫ̓ͪ̂ͫ̽͏̴̙̤̞͉͚̯̞̠͍A̴̵̜̰͔ͫ͗͢L̠ͨͧͩ͘G̴̻͈͍͔̹̑͗̎̅͛́Ǫ̵̹̻̝̳͂̌̌͘ obviously has 5 separate letters, but is in fact comprised of 58 JavaScript characters, most of which are combining marks.
ok 46
ok 47 Enter the `graphemer` library. It can be used to properly split JavaScript strings into what a human user would call separate letters (or "extended grapheme clusters" in Unicode terminology), no matter what their internal representation is. It is an implementation on the [Default Grapheme Cluster Boundary](http://unicode.org/reports/tr29/#Default_Grapheme_Cluster_Table) of [UAX #29](http://www.unicode.org/reports/tr29/).
ok 48
ok 49 ## Installation
ok 50
ok 51 Install `graphemer` using the NPM command below:
ok 52
ok 53 ```
ok 54 $ npm i graphemer
ok 55 ```
ok 56
ok 57 ## Usage
ok 58
ok 59 If you're using [Typescript](https://www.typescriptlang.org/) or a compiler like [Babel](https://babeljs.io/) (or something like Create React App) things are pretty simple; just import, initialize and use!
ok 60
ok 61 ```javascript
ok 62 import Graphemer from 'graphemer';
ok 63
ok 64 const splitter = new Graphemer();
ok 65
ok 66 // split the string to an array of grapheme clusters (one string each)
ok 67 const graphemes = splitter.splitGraphemes(string);
ok 68
ok 69 // iterate the string to an iterable iterator of grapheme clusters (one string each)
ok 70 const graphemeIterator = splitter.iterateGraphemes(string);
ok 71
ok 72 // or do this if you just need their number
ok 73 const graphemeCount = splitter.countGraphemes(string);
ok 74 ```
ok 75
ok 76 If you're using vanilla Node you can use the `require()` method.
ok 77
ok 78 ```javascript
ok 79 const Graphemer = require('graphemer').default;
ok 80
ok 81 const splitter = new Graphemer();
ok 82
ok 83 const graphemes = splitter.splitGraphemes(string);
ok 84 ```
ok 85
ok 86 ## Examples
ok 87
ok 88 ```javascript
ok 89 import Graphemer from 'graphemer';
ok 90
ok 91 const splitter = new Graphemer();
ok 92
ok 93 // plain latin alphabet - nothing spectacular
ok 94 splitter.splitGraphemes('abcd'); // returns ["a", "b", "c", "d"]
ok 95
ok 96 // two-char emojis and six-char combined emoji
ok 97 splitter.splitGraphemes('🌷🎁💩😜👍🏳️‍🌈'); // returns ["🌷","🎁","💩","😜","👍","🏳️‍🌈"]
ok 98
ok 99 // diacritics as combining marks, 10 JavaScript chars
ok 100 splitter.splitGraphemes('Ĺo͂řȩm̅'); // returns ["Ĺ","o͂","ř","ȩ","m̅"]
ok 101
ok 102 // individual Korean characters (Jamo), 4 JavaScript chars
ok 103 splitter.splitGraphemes('뎌쉐'); // returns ["뎌","쉐"]
ok 104
ok 105 // Hindi text with combining marks, 8 JavaScript chars
not ok 106 splitter.splitGraphemes('अनुच्छेद'); // returns ["अ","नु","च्","छे","द"]
  ---
    operator: deepLooseEqual
    expected: |-
      [ 's', 'p', 'l', 'i', 't', 't', 'e', 'r', '.', 's', 'p', 'l', 'i', 't', 'G', 'r', 'a', 'p', 'h', 'e', 'm', 'e', 's', '(', '\'', 'अ', 'नु', 'च्छे', 'द', '\'', ')', ';', ' ', '/', '/', ' ', 'r', 'e', 't', 'u', 'r', 'n', 's', ' ', '[', '"', 'अ', '"', ',', '"', 'नु', '"', ',', '"', 'च्', '"', ',', '"', 'छे', '"', ',', '"', 'द', '"', ']' ]
    actual: |-
      [ 's', 'p', 'l', 'i', 't', 't', 'e', 'r', '.', 's', 'p', 'l', 'i', 't', 'G', 'r', 'a', 'p', 'h', 'e', 'm', 'e', 's', '(', '\'', 'अ', 'नु', 'च्', 'छे', 'द', '\'', ')', ';', ' ', '/', '/', ' ', 'r', 'e', 't', 'u', 'r', 'n', 's', ' ', '[', '"', 'अ', '"', ',', '"', 'नु', '"', ',', '"', 'च्', '"', ',', '"', 'छे', '"', ',', '"', 'द', '"', ']' ]
    at: <anonymous> (/Users/ohta2346/git/graphemer/tests/compat.test.ts:33:7)
    stack: |-
      Error: splitter.splitGraphemes('अनुच्छेद'); // returns ["अ","नु","च्","छे","द"]
          at Test.assert [as _assert] (/Users/ohta2346/git/graphemer/node_modules/tape/lib/test.js:274:54)
          at Test.bound [as _assert] (/Users/ohta2346/git/graphemer/node_modules/tape/lib/test.js:88:32)
          at Test.deepLooseEqual (/Users/ohta2346/git/graphemer/node_modules/tape/lib/test.js:486:10)
          at Test.bound [as deepLooseEqual] (/Users/ohta2346/git/graphemer/node_modules/tape/lib/test.js:88:32)
          at /Users/ohta2346/git/graphemer/tests/compat.test.ts:33:7
          at Array.forEach (<anonymous>)
          at Test.<anonymous> (/Users/ohta2346/git/graphemer/tests/compat.test.ts:30:12)
          at Test.bound [as _cb] (/Users/ohta2346/git/graphemer/node_modules/tape/lib/test.js:88:32)
          at Test.run (/Users/ohta2346/git/graphemer/node_modules/tape/lib/test.js:105:10)
          at Test.bound [as run] (/Users/ohta2346/git/graphemer/node_modules/tape/lib/test.js:88:32)
  ...
ok 107
ok 108 // demonic multiple combining marks, 75 JavaScript chars
ok 109 splitter.splitGraphemes('Z͑ͫ̓ͪ̂ͫ̽͏̴̙̤̞͉͚̯̞̠͍A̴̵̜̰͔ͫ͗͢L̠ͨͧͩ͘G̴̻͈͍͔̹̑͗̎̅͛́Ǫ̵̹̻̝̳͂̌̌͘!͖̬̰̙̗̿̋ͥͥ̂ͣ̐́́͜͞'); // returns ["Z͑ͫ̓ͪ̂ͫ̽͏̴̙̤̞͉͚̯̞̠͍","A̴̵̜̰͔ͫ͗͢","L̠ͨͧͩ͘","G̴̻͈͍͔̹̑͗̎̅͛́","Ǫ̵̹̻̝̳͂̌̌͘","!͖̬̰̙̗̿̋ͥͥ̂ͣ̐́́͜͞"]
ok 110 ```
ok 111
ok 112 ## TypeScript
ok 113
ok 114 Graphemer is built with TypeScript and, of course, includes type declarations.
ok 115
ok 116 ```javascript
ok 117 import Graphemer from 'graphemer';
ok 118
ok 119 const splitter = new Graphemer();
ok 120
ok 121 const split: string[] = splitter.splitGraphemes('Z͑ͫ̓ͪ̂ͫ̽͏̴̙̤̞͉͚̯̞̠͍A̴̵̜̰͔ͫ͗͢L̠ͨͧͩ͘G̴̻͈͍͔̹̑͗̎̅͛́Ǫ̵̹̻̝̳͂̌̌͘!͖̬̰̙̗̿̋ͥͥ̂ͣ̐́́͜͞');
ok 122 ```
ok 123
ok 124 ## Contributing
ok 125
ok 126 See [Contribution Guide](./CONTRIBUTING.md).
ok 127
ok 128 ## Acknowledgements
ok 129
ok 130 This library is a fork of the incredible work done by Orlin Georgiev and Huáng Jùnliàng at https://github.com/orling/grapheme-splitter.
ok 131
ok 132 The original library was heavily influenced by Devon Govett's excellent [grapheme-breaker](https://github.com/devongovett/grapheme-breaker) CoffeeScript library.
ok 133
# splitGraphemes returns properly split list from string
ok 134 should be equivalent
ok 135 should be equivalent
ok 136 should be equivalent
ok 137 should be equivalent
ok 138 should be equivalent
ok 139 should be equivalent
ok 140 should be equivalent
ok 141 should be equivalent
ok 142 should be equivalent
ok 143 should be equivalent
ok 144 should be equivalent
ok 145 should be equivalent
ok 146 should be equivalent
ok 147 should be equivalent
ok 148 should be equivalent
ok 149 should be equivalent
ok 150 should be equivalent
ok 151 should be equivalent
ok 152 should be equivalent
ok 153 should be equivalent
ok 154 should be equivalent
ok 155 should be equivalent
ok 156 should be equivalent
ok 157 should be equivalent
ok 158 should be equivalent
ok 159 should be equivalent
ok 160 should be equivalent
ok 161 should be equivalent
ok 162 should be equivalent
ok 163 should be equivalent
ok 164 should be equivalent
ok 165 should be equivalent
ok 166 should be equivalent
ok 167 should be equivalent
ok 168 should be equivalent
ok 169 should be equivalent
ok 170 should be equivalent
ok 171 should be equivalent
ok 172 should be equivalent
ok 173 should be equivalent
ok 174 should be equivalent
ok 175 should be equivalent
ok 176 should be equivalent
ok 177 should be equivalent
ok 178 should be equivalent
ok 179 should be equivalent
ok 180 should be equivalent
ok 181 should be equivalent
ok 182 should be equivalent
ok 183 should be equivalent
ok 184 should be equivalent
ok 185 should be equivalent
ok 186 should be equivalent
ok 187 should be equivalent
ok 188 should be equivalent
ok 189 should be equivalent
ok 190 should be equivalent
ok 191 should be equivalent
ok 192 should be equivalent
ok 193 should be equivalent
ok 194 should be equivalent
ok 195 should be equivalent
ok 196 should be equivalent
ok 197 should be equivalent
ok 198 should be equivalent
ok 199 should be equivalent
ok 200 should be equivalent
ok 201 should be equivalent
ok 202 should be equivalent
ok 203 should be equivalent
ok 204 should be equivalent
ok 205 should be equivalent
ok 206 should be equivalent
ok 207 should be equivalent
ok 208 should be equivalent
ok 209 should be equivalent
ok 210 should be equivalent
ok 211 should be equivalent
ok 212 should be equivalent
ok 213 should be equivalent
ok 214 should be equivalent
ok 215 should be equivalent
ok 216 should be equivalent
ok 217 should be equivalent
ok 218 should be equivalent
ok 219 should be equivalent
ok 220 should be equivalent
ok 221 should be equivalent
ok 222 should be equivalent
ok 223 should be equivalent
ok 224 should be equivalent
ok 225 should be equivalent
ok 226 should be equivalent
ok 227 should be equivalent
ok 228 should be equivalent
ok 229 should be equivalent
ok 230 should be equivalent
ok 231 should be equivalent
ok 232 should be equivalent
ok 233 should be equivalent
ok 234 should be equivalent
ok 235 should be equivalent
ok 236 should be equivalent
ok 237 should be equivalent
ok 238 should be equivalent
ok 239 should be equivalent
ok 240 should be equivalent
ok 241 should be equivalent
ok 242 should be equivalent
ok 243 should be equivalent
ok 244 should be equivalent
ok 245 should be equivalent
ok 246 should be equivalent
ok 247 should be equivalent
ok 248 should be equivalent
ok 249 should be equivalent
ok 250 should be equivalent
ok 251 should be equivalent
ok 252 should be equivalent
ok 253 should be equivalent
ok 254 should be equivalent
ok 255 should be equivalent
ok 256 should be equivalent
ok 257 should be equivalent
ok 258 should be equivalent
ok 259 should be equivalent
ok 260 should be equivalent
ok 261 should be equivalent
ok 262 should be equivalent
ok 263 should be equivalent
ok 264 should be equivalent
ok 265 should be equivalent
ok 266 should be equivalent
ok 267 should be equivalent
ok 268 should be equivalent
ok 269 should be equivalent
ok 270 should be equivalent
ok 271 should be equivalent
ok 272 should be equivalent
ok 273 should be equivalent
ok 274 should be equivalent
ok 275 should be equivalent
ok 276 should be equivalent
ok 277 should be equivalent
ok 278 should be equivalent
ok 279 should be equivalent
ok 280 should be equivalent
ok 281 should be equivalent
ok 282 should be equivalent
ok 283 should be equivalent
ok 284 should be equivalent
ok 285 should be equivalent
ok 286 should be equivalent
ok 287 should be equivalent
ok 288 should be equivalent
ok 289 should be equivalent
ok 290 should be equivalent
ok 291 should be equivalent
ok 292 should be equivalent
ok 293 should be equivalent
ok 294 should be equivalent
ok 295 should be equivalent
ok 296 should be equivalent
ok 297 should be equivalent
ok 298 should be equivalent
ok 299 should be equivalent
ok 300 should be equivalent
ok 301 should be equivalent
ok 302 should be equivalent
ok 303 should be equivalent
ok 304 should be equivalent
ok 305 should be equivalent
ok 306 should be equivalent
ok 307 should be equivalent
ok 308 should be equivalent
ok 309 should be equivalent
ok 310 should be equivalent
ok 311 should be equivalent
ok 312 should be equivalent
ok 313 should be equivalent
ok 314 should be equivalent
ok 315 should be equivalent
ok 316 should be equivalent
ok 317 should be equivalent
ok 318 should be equivalent
ok 319 should be equivalent
ok 320 should be equivalent
ok 321 should be equivalent
ok 322 should be equivalent
ok 323 should be equivalent
ok 324 should be equivalent
ok 325 should be equivalent
ok 326 should be equivalent
ok 327 should be equivalent
ok 328 should be equivalent
ok 329 should be equivalent
ok 330 should be equivalent
ok 331 should be equivalent
ok 332 should be equivalent
ok 333 should be equivalent
ok 334 should be equivalent
ok 335 should be equivalent
ok 336 should be equivalent
ok 337 should be equivalent
ok 338 should be equivalent
ok 339 should be equivalent
ok 340 should be equivalent
ok 341 should be equivalent
ok 342 should be equivalent
ok 343 should be equivalent
ok 344 should be equivalent
ok 345 should be equivalent
ok 346 should be equivalent
ok 347 should be equivalent
ok 348 should be equivalent
ok 349 should be equivalent
ok 350 should be equivalent
ok 351 should be equivalent
ok 352 should be equivalent
ok 353 should be equivalent
ok 354 should be equivalent
ok 355 should be equivalent
ok 356 should be equivalent
ok 357 should be equivalent
ok 358 should be equivalent
ok 359 should be equivalent
ok 360 should be equivalent
ok 361 should be equivalent
ok 362 should be equivalent
ok 363 should be equivalent
ok 364 should be equivalent
ok 365 should be equivalent
ok 366 should be equivalent
ok 367 should be equivalent
ok 368 should be equivalent
ok 369 should be equivalent
ok 370 should be equivalent
ok 371 should be equivalent
ok 372 should be equivalent
ok 373 should be equivalent
ok 374 should be equivalent
ok 375 should be equivalent
ok 376 should be equivalent
ok 377 should be equivalent
ok 378 should be equivalent
ok 379 should be equivalent
ok 380 should be equivalent
ok 381 should be equivalent
ok 382 should be equivalent
ok 383 should be equivalent
ok 384 should be equivalent
ok 385 should be equivalent
ok 386 should be equivalent
ok 387 should be equivalent
ok 388 should be equivalent
ok 389 should be equivalent
ok 390 should be equivalent
ok 391 should be equivalent
ok 392 should be equivalent
ok 393 should be equivalent
ok 394 should be equivalent
ok 395 should be equivalent
ok 396 should be equivalent
ok 397 should be equivalent
ok 398 should be equivalent
ok 399 should be equivalent
ok 400 should be equivalent
ok 401 should be equivalent
ok 402 should be equivalent
ok 403 should be equivalent
ok 404 should be equivalent
ok 405 should be equivalent
ok 406 should be equivalent
ok 407 should be equivalent
ok 408 should be equivalent
ok 409 should be equivalent
ok 410 should be equivalent
ok 411 should be equivalent
ok 412 should be equivalent
ok 413 should be equivalent
ok 414 should be equivalent
ok 415 should be equivalent
ok 416 should be equivalent
ok 417 should be equivalent
ok 418 should be equivalent
ok 419 should be equivalent
ok 420 should be equivalent
ok 421 should be equivalent
ok 422 should be equivalent
ok 423 should be equivalent
ok 424 should be equivalent
ok 425 should be equivalent
ok 426 should be equivalent
ok 427 should be equivalent
ok 428 should be equivalent
ok 429 should be equivalent
ok 430 should be equivalent
ok 431 should be equivalent
ok 432 should be equivalent
ok 433 should be equivalent
ok 434 should be equivalent
ok 435 should be equivalent
ok 436 should be equivalent
ok 437 should be equivalent
ok 438 should be equivalent
ok 439 should be equivalent
ok 440 should be equivalent
ok 441 should be equivalent
ok 442 should be equivalent
ok 443 should be equivalent
ok 444 should be equivalent
ok 445 should be equivalent
ok 446 should be equivalent
ok 447 should be equivalent
ok 448 should be equivalent
ok 449 should be equivalent
ok 450 should be equivalent
ok 451 should be equivalent
ok 452 should be equivalent
ok 453 should be equivalent
ok 454 should be equivalent
ok 455 should be equivalent
ok 456 should be equivalent
ok 457 should be equivalent
ok 458 should be equivalent
ok 459 should be equivalent
ok 460 should be equivalent
ok 461 should be equivalent
ok 462 should be equivalent
ok 463 should be equivalent
ok 464 should be equivalent
ok 465 should be equivalent
ok 466 should be equivalent
ok 467 should be equivalent
ok 468 should be equivalent
ok 469 should be equivalent
ok 470 should be equivalent
ok 471 should be equivalent
ok 472 should be equivalent
ok 473 should be equivalent
ok 474 should be equivalent
ok 475 should be equivalent
ok 476 should be equivalent
ok 477 should be equivalent
ok 478 should be equivalent
ok 479 should be equivalent
ok 480 should be equivalent
ok 481 should be equivalent
ok 482 should be equivalent
ok 483 should be equivalent
ok 484 should be equivalent
ok 485 should be equivalent
ok 486 should be equivalent
ok 487 should be equivalent
ok 488 should be equivalent
ok 489 should be equivalent
ok 490 should be equivalent
ok 491 should be equivalent
ok 492 should be equivalent
ok 493 should be equivalent
ok 494 should be equivalent
ok 495 should be equivalent
ok 496 should be equivalent
ok 497 should be equivalent
ok 498 should be equivalent
ok 499 should be equivalent
ok 500 should be equivalent
ok 501 should be equivalent
ok 502 should be equivalent
ok 503 should be equivalent
ok 504 should be equivalent
ok 505 should be equivalent
ok 506 should be equivalent
ok 507 should be equivalent
ok 508 should be equivalent
ok 509 should be equivalent
ok 510 should be equivalent
ok 511 should be equivalent
ok 512 should be equivalent
ok 513 should be equivalent
ok 514 should be equivalent
ok 515 should be equivalent
ok 516 should be equivalent
ok 517 should be equivalent
ok 518 should be equivalent
ok 519 should be equivalent
ok 520 should be equivalent
ok 521 should be equivalent
ok 522 should be equivalent
ok 523 should be equivalent
ok 524 should be equivalent
ok 525 should be equivalent
ok 526 should be equivalent
ok 527 should be equivalent
ok 528 should be equivalent
ok 529 should be equivalent
ok 530 should be equivalent
ok 531 should be equivalent
ok 532 should be equivalent
ok 533 should be equivalent
ok 534 should be equivalent
ok 535 should be equivalent
ok 536 should be equivalent
ok 537 should be equivalent
ok 538 should be equivalent
ok 539 should be equivalent
ok 540 should be equivalent
ok 541 should be equivalent
ok 542 should be equivalent
ok 543 should be equivalent
ok 544 should be equivalent
ok 545 should be equivalent
ok 546 should be equivalent
ok 547 should be equivalent
ok 548 should be equivalent
ok 549 should be equivalent
ok 550 should be equivalent
ok 551 should be equivalent
ok 552 should be equivalent
ok 553 should be equivalent
ok 554 should be equivalent
ok 555 should be equivalent
ok 556 should be equivalent
ok 557 should be equivalent
ok 558 should be equivalent
ok 559 should be equivalent
ok 560 should be equivalent
ok 561 should be equivalent
ok 562 should be equivalent
ok 563 should be equivalent
ok 564 should be equivalent
ok 565 should be equivalent
ok 566 should be equivalent
ok 567 should be equivalent
ok 568 should be equivalent
ok 569 should be equivalent
ok 570 should be equivalent
ok 571 should be equivalent
ok 572 should be equivalent
ok 573 should be equivalent
ok 574 should be equivalent
ok 575 should be equivalent
ok 576 should be equivalent
ok 577 should be equivalent
ok 578 should be equivalent
ok 579 should be equivalent
ok 580 should be equivalent
ok 581 should be equivalent
ok 582 should be equivalent
ok 583 should be equivalent
ok 584 should be equivalent
ok 585 should be equivalent
ok 586 should be equivalent
ok 587 should be equivalent
ok 588 should be equivalent
ok 589 should be equivalent
ok 590 should be equivalent
ok 591 should be equivalent
ok 592 should be equivalent
ok 593 should be equivalent
ok 594 should be equivalent
ok 595 should be equivalent
ok 596 should be equivalent
ok 597 should be equivalent
ok 598 should be equivalent
ok 599 should be equivalent
ok 600 should be equivalent
ok 601 should be equivalent
ok 602 should be equivalent
ok 603 should be equivalent
ok 604 should be equivalent
ok 605 should be equivalent
ok 606 should be equivalent
ok 607 should be equivalent
ok 608 should be equivalent
ok 609 should be equivalent
ok 610 should be equivalent
ok 611 should be equivalent
ok 612 should be equivalent
ok 613 should be equivalent
ok 614 should be equivalent
ok 615 should be equivalent
ok 616 should be equivalent
ok 617 should be equivalent
ok 618 should be equivalent
ok 619 should be equivalent
ok 620 should be equivalent
ok 621 should be equivalent
ok 622 should be equivalent
ok 623 should be equivalent
ok 624 should be equivalent
ok 625 should be equivalent
ok 626 should be equivalent
ok 627 should be equivalent
ok 628 should be equivalent
ok 629 should be equivalent
ok 630 should be equivalent
ok 631 should be equivalent
ok 632 should be equivalent
ok 633 should be equivalent
ok 634 should be equivalent
ok 635 should be equivalent
ok 636 should be equivalent
ok 637 should be equivalent
ok 638 should be equivalent
ok 639 should be equivalent
ok 640 should be equivalent
ok 641 should be equivalent
ok 642 should be equivalent
ok 643 should be equivalent
ok 644 should be equivalent
ok 645 should be equivalent
ok 646 should be equivalent
ok 647 should be equivalent
ok 648 should be equivalent
ok 649 should be equivalent
ok 650 should be equivalent
ok 651 should be equivalent
ok 652 should be equivalent
ok 653 should be equivalent
ok 654 should be equivalent
ok 655 should be equivalent
ok 656 should be equivalent
ok 657 should be equivalent
ok 658 should be equivalent
ok 659 should be equivalent
ok 660 should be equivalent
ok 661 should be equivalent
ok 662 should be equivalent
ok 663 should be equivalent
ok 664 should be equivalent
ok 665 should be equivalent
ok 666 should be equivalent
ok 667 should be equivalent
ok 668 should be equivalent
ok 669 should be equivalent
ok 670 should be equivalent
ok 671 should be equivalent
ok 672 should be equivalent
ok 673 should be equivalent
ok 674 should be equivalent
ok 675 should be equivalent
ok 676 should be equivalent
ok 677 should be equivalent
ok 678 should be equivalent
ok 679 should be equivalent
ok 680 should be equivalent
ok 681 should be equivalent
ok 682 should be equivalent
ok 683 should be equivalent
ok 684 should be equivalent
ok 685 should be equivalent
ok 686 should be equivalent
ok 687 should be equivalent
ok 688 should be equivalent
ok 689 should be equivalent
ok 690 should be equivalent
ok 691 should be equivalent
ok 692 should be equivalent
ok 693 should be equivalent
ok 694 should be equivalent
ok 695 should be equivalent
ok 696 should be equivalent
ok 697 should be equivalent
ok 698 should be equivalent
ok 699 should be equivalent
ok 700 should be equivalent
ok 701 should be equivalent
ok 702 should be equivalent
ok 703 should be equivalent
ok 704 should be equivalent
ok 705 should be equivalent
ok 706 should be equivalent
ok 707 should be equivalent
ok 708 should be equivalent
ok 709 should be equivalent
ok 710 should be equivalent
ok 711 should be equivalent
ok 712 should be equivalent
ok 713 should be equivalent
ok 714 should be equivalent
ok 715 should be equivalent
ok 716 should be equivalent
ok 717 should be equivalent
ok 718 should be equivalent
ok 719 should be equivalent
ok 720 should be equivalent
ok 721 should be equivalent
ok 722 should be equivalent
ok 723 should be equivalent
ok 724 should be equivalent
ok 725 should be equivalent
ok 726 should be equivalent
ok 727 should be equivalent
ok 728 should be equivalent
ok 729 should be equivalent
ok 730 should be equivalent
ok 731 should be equivalent
ok 732 should be equivalent
ok 733 should be equivalent
ok 734 should be equivalent
ok 735 should be equivalent
# iterateGraphemes returns properly split iterator from string
ok 736 should be equivalent
ok 737 should be equivalent
ok 738 should be equivalent
ok 739 should be equivalent
ok 740 should be equivalent
ok 741 should be equivalent
ok 742 should be equivalent
ok 743 should be equivalent
ok 744 should be equivalent
ok 745 should be equivalent
ok 746 should be equivalent
ok 747 should be equivalent
ok 748 should be equivalent
ok 749 should be equivalent
ok 750 should be equivalent
ok 751 should be equivalent
ok 752 should be equivalent
ok 753 should be equivalent
ok 754 should be equivalent
ok 755 should be equivalent
ok 756 should be equivalent
ok 757 should be equivalent
ok 758 should be equivalent
ok 759 should be equivalent
ok 760 should be equivalent
ok 761 should be equivalent
ok 762 should be equivalent
ok 763 should be equivalent
ok 764 should be equivalent
ok 765 should be equivalent
ok 766 should be equivalent
ok 767 should be equivalent
ok 768 should be equivalent
ok 769 should be equivalent
ok 770 should be equivalent
ok 771 should be equivalent
ok 772 should be equivalent
ok 773 should be equivalent
ok 774 should be equivalent
ok 775 should be equivalent
ok 776 should be equivalent
ok 777 should be equivalent
ok 778 should be equivalent
ok 779 should be equivalent
ok 780 should be equivalent
ok 781 should be equivalent
ok 782 should be equivalent
ok 783 should be equivalent
ok 784 should be equivalent
ok 785 should be equivalent
ok 786 should be equivalent
ok 787 should be equivalent
ok 788 should be equivalent
ok 789 should be equivalent
ok 790 should be equivalent
ok 791 should be equivalent
ok 792 should be equivalent
ok 793 should be equivalent
ok 794 should be equivalent
ok 795 should be equivalent
ok 796 should be equivalent
ok 797 should be equivalent
ok 798 should be equivalent
ok 799 should be equivalent
ok 800 should be equivalent
ok 801 should be equivalent
ok 802 should be equivalent
ok 803 should be equivalent
ok 804 should be equivalent
ok 805 should be equivalent
ok 806 should be equivalent
ok 807 should be equivalent
ok 808 should be equivalent
ok 809 should be equivalent
ok 810 should be equivalent
ok 811 should be equivalent
ok 812 should be equivalent
ok 813 should be equivalent
ok 814 should be equivalent
ok 815 should be equivalent
ok 816 should be equivalent
ok 817 should be equivalent
ok 818 should be equivalent
ok 819 should be equivalent
ok 820 should be equivalent
ok 821 should be equivalent
ok 822 should be equivalent
ok 823 should be equivalent
ok 824 should be equivalent
ok 825 should be equivalent
ok 826 should be equivalent
ok 827 should be equivalent
ok 828 should be equivalent
ok 829 should be equivalent
ok 830 should be equivalent
ok 831 should be equivalent
ok 832 should be equivalent
ok 833 should be equivalent
ok 834 should be equivalent
ok 835 should be equivalent
ok 836 should be equivalent
ok 837 should be equivalent
ok 838 should be equivalent
ok 839 should be equivalent
ok 840 should be equivalent
ok 841 should be equivalent
ok 842 should be equivalent
ok 843 should be equivalent
ok 844 should be equivalent
ok 845 should be equivalent
ok 846 should be equivalent
ok 847 should be equivalent
ok 848 should be equivalent
ok 849 should be equivalent
ok 850 should be equivalent
ok 851 should be equivalent
ok 852 should be equivalent
ok 853 should be equivalent
ok 854 should be equivalent
ok 855 should be equivalent
ok 856 should be equivalent
ok 857 should be equivalent
ok 858 should be equivalent
ok 859 should be equivalent
ok 860 should be equivalent
ok 861 should be equivalent
ok 862 should be equivalent
ok 863 should be equivalent
ok 864 should be equivalent
ok 865 should be equivalent
ok 866 should be equivalent
ok 867 should be equivalent
ok 868 should be equivalent
ok 869 should be equivalent
ok 870 should be equivalent
ok 871 should be equivalent
ok 872 should be equivalent
ok 873 should be equivalent
ok 874 should be equivalent
ok 875 should be equivalent
ok 876 should be equivalent
ok 877 should be equivalent
ok 878 should be equivalent
ok 879 should be equivalent
ok 880 should be equivalent
ok 881 should be equivalent
ok 882 should be equivalent
ok 883 should be equivalent
ok 884 should be equivalent
ok 885 should be equivalent
ok 886 should be equivalent
ok 887 should be equivalent
ok 888 should be equivalent
ok 889 should be equivalent
ok 890 should be equivalent
ok 891 should be equivalent
ok 892 should be equivalent
ok 893 should be equivalent
ok 894 should be equivalent
ok 895 should be equivalent
ok 896 should be equivalent
ok 897 should be equivalent
ok 898 should be equivalent
ok 899 should be equivalent
ok 900 should be equivalent
ok 901 should be equivalent
ok 902 should be equivalent
ok 903 should be equivalent
ok 904 should be equivalent
ok 905 should be equivalent
ok 906 should be equivalent
ok 907 should be equivalent
ok 908 should be equivalent
ok 909 should be equivalent
ok 910 should be equivalent
ok 911 should be equivalent
ok 912 should be equivalent
ok 913 should be equivalent
ok 914 should be equivalent
ok 915 should be equivalent
ok 916 should be equivalent
ok 917 should be equivalent
ok 918 should be equivalent
ok 919 should be equivalent
ok 920 should be equivalent
ok 921 should be equivalent
ok 922 should be equivalent
ok 923 should be equivalent
ok 924 should be equivalent
ok 925 should be equivalent
ok 926 should be equivalent
ok 927 should be equivalent
ok 928 should be equivalent
ok 929 should be equivalent
ok 930 should be equivalent
ok 931 should be equivalent
ok 932 should be equivalent
ok 933 should be equivalent
ok 934 should be equivalent
ok 935 should be equivalent
ok 936 should be equivalent
ok 937 should be equivalent
ok 938 should be equivalent
ok 939 should be equivalent
ok 940 should be equivalent
ok 941 should be equivalent
ok 942 should be equivalent
ok 943 should be equivalent
ok 944 should be equivalent
ok 945 should be equivalent
ok 946 should be equivalent
ok 947 should be equivalent
ok 948 should be equivalent
ok 949 should be equivalent
ok 950 should be equivalent
ok 951 should be equivalent
ok 952 should be equivalent
ok 953 should be equivalent
ok 954 should be equivalent
ok 955 should be equivalent
ok 956 should be equivalent
ok 957 should be equivalent
ok 958 should be equivalent
ok 959 should be equivalent
ok 960 should be equivalent
ok 961 should be equivalent
ok 962 should be equivalent
ok 963 should be equivalent
ok 964 should be equivalent
ok 965 should be equivalent
ok 966 should be equivalent
ok 967 should be equivalent
ok 968 should be equivalent
ok 969 should be equivalent
ok 970 should be equivalent
ok 971 should be equivalent
ok 972 should be equivalent
ok 973 should be equivalent
ok 974 should be equivalent
ok 975 should be equivalent
ok 976 should be equivalent
ok 977 should be equivalent
ok 978 should be equivalent
ok 979 should be equivalent
ok 980 should be equivalent
ok 981 should be equivalent
ok 982 should be equivalent
ok 983 should be equivalent
ok 984 should be equivalent
ok 985 should be equivalent
ok 986 should be equivalent
ok 987 should be equivalent
ok 988 should be equivalent
ok 989 should be equivalent
ok 990 should be equivalent
ok 991 should be equivalent
ok 992 should be equivalent
ok 993 should be equivalent
ok 994 should be equivalent
ok 995 should be equivalent
ok 996 should be equivalent
ok 997 should be equivalent
ok 998 should be equivalent
ok 999 should be equivalent
ok 1000 should be equivalent
ok 1001 should be equivalent
ok 1002 should be equivalent
ok 1003 should be equivalent
ok 1004 should be equivalent
ok 1005 should be equivalent
ok 1006 should be equivalent
ok 1007 should be equivalent
ok 1008 should be equivalent
ok 1009 should be equivalent
ok 1010 should be equivalent
ok 1011 should be equivalent
ok 1012 should be equivalent
ok 1013 should be equivalent
ok 1014 should be equivalent
ok 1015 should be equivalent
ok 1016 should be equivalent
ok 1017 should be equivalent
ok 1018 should be equivalent
ok 1019 should be equivalent
ok 1020 should be equivalent
ok 1021 should be equivalent
ok 1022 should be equivalent
ok 1023 should be equivalent
ok 1024 should be equivalent
ok 1025 should be equivalent
ok 1026 should be equivalent
ok 1027 should be equivalent
ok 1028 should be equivalent
ok 1029 should be equivalent
ok 1030 should be equivalent
ok 1031 should be equivalent
ok 1032 should be equivalent
ok 1033 should be equivalent
ok 1034 should be equivalent
ok 1035 should be equivalent
ok 1036 should be equivalent
ok 1037 should be equivalent
ok 1038 should be equivalent
ok 1039 should be equivalent
ok 1040 should be equivalent
ok 1041 should be equivalent
ok 1042 should be equivalent
ok 1043 should be equivalent
ok 1044 should be equivalent
ok 1045 should be equivalent
ok 1046 should be equivalent
ok 1047 should be equivalent
ok 1048 should be equivalent
ok 1049 should be equivalent
ok 1050 should be equivalent
ok 1051 should be equivalent
ok 1052 should be equivalent
ok 1053 should be equivalent
ok 1054 should be equivalent
ok 1055 should be equivalent
ok 1056 should be equivalent
ok 1057 should be equivalent
ok 1058 should be equivalent
ok 1059 should be equivalent
ok 1060 should be equivalent
ok 1061 should be equivalent
ok 1062 should be equivalent
ok 1063 should be equivalent
ok 1064 should be equivalent
ok 1065 should be equivalent
ok 1066 should be equivalent
ok 1067 should be equivalent
ok 1068 should be equivalent
ok 1069 should be equivalent
ok 1070 should be equivalent
ok 1071 should be equivalent
ok 1072 should be equivalent
ok 1073 should be equivalent
ok 1074 should be equivalent
ok 1075 should be equivalent
ok 1076 should be equivalent
ok 1077 should be equivalent
ok 1078 should be equivalent
ok 1079 should be equivalent
ok 1080 should be equivalent
ok 1081 should be equivalent
ok 1082 should be equivalent
ok 1083 should be equivalent
ok 1084 should be equivalent
ok 1085 should be equivalent
ok 1086 should be equivalent
ok 1087 should be equivalent
ok 1088 should be equivalent
ok 1089 should be equivalent
ok 1090 should be equivalent
ok 1091 should be equivalent
ok 1092 should be equivalent
ok 1093 should be equivalent
ok 1094 should be equivalent
ok 1095 should be equivalent
ok 1096 should be equivalent
ok 1097 should be equivalent
ok 1098 should be equivalent
ok 1099 should be equivalent
ok 1100 should be equivalent
ok 1101 should be equivalent
ok 1102 should be equivalent
ok 1103 should be equivalent
ok 1104 should be equivalent
ok 1105 should be equivalent
ok 1106 should be equivalent
ok 1107 should be equivalent
ok 1108 should be equivalent
ok 1109 should be equivalent
ok 1110 should be equivalent
ok 1111 should be equivalent
ok 1112 should be equivalent
ok 1113 should be equivalent
ok 1114 should be equivalent
ok 1115 should be equivalent
ok 1116 should be equivalent
ok 1117 should be equivalent
ok 1118 should be equivalent
ok 1119 should be equivalent
ok 1120 should be equivalent
ok 1121 should be equivalent
ok 1122 should be equivalent
ok 1123 should be equivalent
ok 1124 should be equivalent
ok 1125 should be equivalent
ok 1126 should be equivalent
ok 1127 should be equivalent
ok 1128 should be equivalent
ok 1129 should be equivalent
ok 1130 should be equivalent
ok 1131 should be equivalent
ok 1132 should be equivalent
ok 1133 should be equivalent
ok 1134 should be equivalent
ok 1135 should be equivalent
ok 1136 should be equivalent
ok 1137 should be equivalent
ok 1138 should be equivalent
ok 1139 should be equivalent
ok 1140 should be equivalent
ok 1141 should be equivalent
ok 1142 should be equivalent
ok 1143 should be equivalent
ok 1144 should be equivalent
ok 1145 should be equivalent
ok 1146 should be equivalent
ok 1147 should be equivalent
ok 1148 should be equivalent
ok 1149 should be equivalent
ok 1150 should be equivalent
ok 1151 should be equivalent
ok 1152 should be equivalent
ok 1153 should be equivalent
ok 1154 should be equivalent
ok 1155 should be equivalent
ok 1156 should be equivalent
ok 1157 should be equivalent
ok 1158 should be equivalent
ok 1159 should be equivalent
ok 1160 should be equivalent
ok 1161 should be equivalent
ok 1162 should be equivalent
ok 1163 should be equivalent
ok 1164 should be equivalent
ok 1165 should be equivalent
ok 1166 should be equivalent
ok 1167 should be equivalent
ok 1168 should be equivalent
ok 1169 should be equivalent
ok 1170 should be equivalent
ok 1171 should be equivalent
ok 1172 should be equivalent
ok 1173 should be equivalent
ok 1174 should be equivalent
ok 1175 should be equivalent
ok 1176 should be equivalent
ok 1177 should be equivalent
ok 1178 should be equivalent
ok 1179 should be equivalent
ok 1180 should be equivalent
ok 1181 should be equivalent
ok 1182 should be equivalent
ok 1183 should be equivalent
ok 1184 should be equivalent
ok 1185 should be equivalent
ok 1186 should be equivalent
ok 1187 should be equivalent
ok 1188 should be equivalent
ok 1189 should be equivalent
ok 1190 should be equivalent
ok 1191 should be equivalent
ok 1192 should be equivalent
ok 1193 should be equivalent
ok 1194 should be equivalent
ok 1195 should be equivalent
ok 1196 should be equivalent
ok 1197 should be equivalent
ok 1198 should be equivalent
ok 1199 should be equivalent
ok 1200 should be equivalent
ok 1201 should be equivalent
ok 1202 should be equivalent
ok 1203 should be equivalent
ok 1204 should be equivalent
ok 1205 should be equivalent
ok 1206 should be equivalent
ok 1207 should be equivalent
ok 1208 should be equivalent
ok 1209 should be equivalent
ok 1210 should be equivalent
ok 1211 should be equivalent
ok 1212 should be equivalent
ok 1213 should be equivalent
ok 1214 should be equivalent
ok 1215 should be equivalent
ok 1216 should be equivalent
ok 1217 should be equivalent
ok 1218 should be equivalent
ok 1219 should be equivalent
ok 1220 should be equivalent
ok 1221 should be equivalent
ok 1222 should be equivalent
ok 1223 should be equivalent
ok 1224 should be equivalent
ok 1225 should be equivalent
ok 1226 should be equivalent
ok 1227 should be equivalent
ok 1228 should be equivalent
ok 1229 should be equivalent
ok 1230 should be equivalent
ok 1231 should be equivalent
ok 1232 should be equivalent
ok 1233 should be equivalent
ok 1234 should be equivalent
ok 1235 should be equivalent
ok 1236 should be equivalent
ok 1237 should be equivalent
ok 1238 should be equivalent
ok 1239 should be equivalent
ok 1240 should be equivalent
ok 1241 should be equivalent
ok 1242 should be equivalent
ok 1243 should be equivalent
ok 1244 should be equivalent
ok 1245 should be equivalent
ok 1246 should be equivalent
ok 1247 should be equivalent
ok 1248 should be equivalent
ok 1249 should be equivalent
ok 1250 should be equivalent
ok 1251 should be equivalent
ok 1252 should be equivalent
ok 1253 should be equivalent
ok 1254 should be equivalent
ok 1255 should be equivalent
ok 1256 should be equivalent
ok 1257 should be equivalent
ok 1258 should be equivalent
ok 1259 should be equivalent
ok 1260 should be equivalent
ok 1261 should be equivalent
ok 1262 should be equivalent
ok 1263 should be equivalent
ok 1264 should be equivalent
ok 1265 should be equivalent
ok 1266 should be equivalent
ok 1267 should be equivalent
ok 1268 should be equivalent
ok 1269 should be equivalent
ok 1270 should be equivalent
ok 1271 should be equivalent
ok 1272 should be equivalent
ok 1273 should be equivalent
ok 1274 should be equivalent
ok 1275 should be equivalent
ok 1276 should be equivalent
ok 1277 should be equivalent
ok 1278 should be equivalent
ok 1279 should be equivalent
ok 1280 should be equivalent
ok 1281 should be equivalent
ok 1282 should be equivalent
ok 1283 should be equivalent
ok 1284 should be equivalent
ok 1285 should be equivalent
ok 1286 should be equivalent
ok 1287 should be equivalent
ok 1288 should be equivalent
ok 1289 should be equivalent
ok 1290 should be equivalent
ok 1291 should be equivalent
ok 1292 should be equivalent
ok 1293 should be equivalent
ok 1294 should be equivalent
ok 1295 should be equivalent
ok 1296 should be equivalent
ok 1297 should be equivalent
ok 1298 should be equivalent
ok 1299 should be equivalent
ok 1300 should be equivalent
ok 1301 should be equivalent
ok 1302 should be equivalent
ok 1303 should be equivalent
ok 1304 should be equivalent
ok 1305 should be equivalent
ok 1306 should be equivalent
ok 1307 should be equivalent
ok 1308 should be equivalent
ok 1309 should be equivalent
ok 1310 should be equivalent
ok 1311 should be equivalent
ok 1312 should be equivalent
ok 1313 should be equivalent
ok 1314 should be equivalent
ok 1315 should be equivalent
ok 1316 should be equivalent
ok 1317 should be equivalent
ok 1318 should be equivalent
ok 1319 should be equivalent
ok 1320 should be equivalent
ok 1321 should be equivalent
ok 1322 should be equivalent
ok 1323 should be equivalent
ok 1324 should be equivalent
ok 1325 should be equivalent
ok 1326 should be equivalent
ok 1327 should be equivalent
ok 1328 should be equivalent
ok 1329 should be equivalent
ok 1330 should be equivalent
ok 1331 should be equivalent
ok 1332 should be equivalent
ok 1333 should be equivalent
ok 1334 should be equivalent
ok 1335 should be equivalent
ok 1336 should be equivalent
ok 1337 should be equivalent
# countGraphemes returns the correct number of graphemes in string
ok 1338 should be equal
ok 1339 should be equal
ok 1340 should be equal
ok 1341 should be equal
ok 1342 should be equal
ok 1343 should be equal
ok 1344 should be equal
ok 1345 should be equal
ok 1346 should be equal
ok 1347 should be equal
ok 1348 should be equal
ok 1349 should be equal
ok 1350 should be equal
ok 1351 should be equal
ok 1352 should be equal
ok 1353 should be equal
ok 1354 should be equal
ok 1355 should be equal
ok 1356 should be equal
ok 1357 should be equal
ok 1358 should be equal
ok 1359 should be equal
ok 1360 should be equal
ok 1361 should be equal
ok 1362 should be equal
ok 1363 should be equal
ok 1364 should be equal
ok 1365 should be equal
ok 1366 should be equal
ok 1367 should be equal
ok 1368 should be equal
ok 1369 should be equal
ok 1370 should be equal
ok 1371 should be equal
ok 1372 should be equal
ok 1373 should be equal
ok 1374 should be equal
ok 1375 should be equal
ok 1376 should be equal
ok 1377 should be equal
ok 1378 should be equal
ok 1379 should be equal
ok 1380 should be equal
ok 1381 should be equal
ok 1382 should be equal
ok 1383 should be equal
ok 1384 should be equal
ok 1385 should be equal
ok 1386 should be equal
ok 1387 should be equal
ok 1388 should be equal
ok 1389 should be equal
ok 1390 should be equal
ok 1391 should be equal
ok 1392 should be equal
ok 1393 should be equal
ok 1394 should be equal
ok 1395 should be equal
ok 1396 should be equal
ok 1397 should be equal
ok 1398 should be equal
ok 1399 should be equal
ok 1400 should be equal
ok 1401 should be equal
ok 1402 should be equal
ok 1403 should be equal
ok 1404 should be equal
ok 1405 should be equal
ok 1406 should be equal
ok 1407 should be equal
ok 1408 should be equal
ok 1409 should be equal
ok 1410 should be equal
ok 1411 should be equal
ok 1412 should be equal
ok 1413 should be equal
ok 1414 should be equal
ok 1415 should be equal
ok 1416 should be equal
ok 1417 should be equal
ok 1418 should be equal
ok 1419 should be equal
ok 1420 should be equal
ok 1421 should be equal
ok 1422 should be equal
ok 1423 should be equal
ok 1424 should be equal
ok 1425 should be equal
ok 1426 should be equal
ok 1427 should be equal
ok 1428 should be equal
ok 1429 should be equal
ok 1430 should be equal
ok 1431 should be equal
ok 1432 should be equal
ok 1433 should be equal
ok 1434 should be equal
ok 1435 should be equal
ok 1436 should be equal
ok 1437 should be equal
ok 1438 should be equal
ok 1439 should be equal
ok 1440 should be equal
ok 1441 should be equal
ok 1442 should be equal
ok 1443 should be equal
ok 1444 should be equal
ok 1445 should be equal
ok 1446 should be equal
ok 1447 should be equal
ok 1448 should be equal
ok 1449 should be equal
ok 1450 should be equal
ok 1451 should be equal
ok 1452 should be equal
ok 1453 should be equal
ok 1454 should be equal
ok 1455 should be equal
ok 1456 should be equal
ok 1457 should be equal
ok 1458 should be equal
ok 1459 should be equal
ok 1460 should be equal
ok 1461 should be equal
ok 1462 should be equal
ok 1463 should be equal
ok 1464 should be equal
ok 1465 should be equal
ok 1466 should be equal
ok 1467 should be equal
ok 1468 should be equal
ok 1469 should be equal
ok 1470 should be equal
ok 1471 should be equal
ok 1472 should be equal
ok 1473 should be equal
ok 1474 should be equal
ok 1475 should be equal
ok 1476 should be equal
ok 1477 should be equal
ok 1478 should be equal
ok 1479 should be equal
ok 1480 should be equal
ok 1481 should be equal
ok 1482 should be equal
ok 1483 should be equal
ok 1484 should be equal
ok 1485 should be equal
ok 1486 should be equal
ok 1487 should be equal
ok 1488 should be equal
ok 1489 should be equal
ok 1490 should be equal
ok 1491 should be equal
ok 1492 should be equal
ok 1493 should be equal
ok 1494 should be equal
ok 1495 should be equal
ok 1496 should be equal
ok 1497 should be equal
ok 1498 should be equal
ok 1499 should be equal
ok 1500 should be equal
ok 1501 should be equal
ok 1502 should be equal
ok 1503 should be equal
ok 1504 should be equal
ok 1505 should be equal
ok 1506 should be equal
ok 1507 should be equal
ok 1508 should be equal
ok 1509 should be equal
ok 1510 should be equal
ok 1511 should be equal
ok 1512 should be equal
ok 1513 should be equal
ok 1514 should be equal
ok 1515 should be equal
ok 1516 should be equal
ok 1517 should be equal
ok 1518 should be equal
ok 1519 should be equal
ok 1520 should be equal
ok 1521 should be equal
ok 1522 should be equal
ok 1523 should be equal
ok 1524 should be equal
ok 1525 should be equal
ok 1526 should be equal
ok 1527 should be equal
ok 1528 should be equal
ok 1529 should be equal
ok 1530 should be equal
ok 1531 should be equal
ok 1532 should be equal
ok 1533 should be equal
ok 1534 should be equal
ok 1535 should be equal
ok 1536 should be equal
ok 1537 should be equal
ok 1538 should be equal
ok 1539 should be equal
ok 1540 should be equal
ok 1541 should be equal
ok 1542 should be equal
ok 1543 should be equal
ok 1544 should be equal
ok 1545 should be equal
ok 1546 should be equal
ok 1547 should be equal
ok 1548 should be equal
ok 1549 should be equal
ok 1550 should be equal
ok 1551 should be equal
ok 1552 should be equal
ok 1553 should be equal
ok 1554 should be equal
ok 1555 should be equal
ok 1556 should be equal
ok 1557 should be equal
ok 1558 should be equal
ok 1559 should be equal
ok 1560 should be equal
ok 1561 should be equal
ok 1562 should be equal
ok 1563 should be equal
ok 1564 should be equal
ok 1565 should be equal
ok 1566 should be equal
ok 1567 should be equal
ok 1568 should be equal
ok 1569 should be equal
ok 1570 should be equal
ok 1571 should be equal
ok 1572 should be equal
ok 1573 should be equal
ok 1574 should be equal
ok 1575 should be equal
ok 1576 should be equal
ok 1577 should be equal
ok 1578 should be equal
ok 1579 should be equal
ok 1580 should be equal
ok 1581 should be equal
ok 1582 should be equal
ok 1583 should be equal
ok 1584 should be equal
ok 1585 should be equal
ok 1586 should be equal
ok 1587 should be equal
ok 1588 should be equal
ok 1589 should be equal
ok 1590 should be equal
ok 1591 should be equal
ok 1592 should be equal
ok 1593 should be equal
ok 1594 should be equal
ok 1595 should be equal
ok 1596 should be equal
ok 1597 should be equal
ok 1598 should be equal
ok 1599 should be equal
ok 1600 should be equal
ok 1601 should be equal
ok 1602 should be equal
ok 1603 should be equal
ok 1604 should be equal
ok 1605 should be equal
ok 1606 should be equal
ok 1607 should be equal
ok 1608 should be equal
ok 1609 should be equal
ok 1610 should be equal
ok 1611 should be equal
ok 1612 should be equal
ok 1613 should be equal
ok 1614 should be equal
ok 1615 should be equal
ok 1616 should be equal
ok 1617 should be equal
ok 1618 should be equal
ok 1619 should be equal
ok 1620 should be equal
ok 1621 should be equal
ok 1622 should be equal
ok 1623 should be equal
ok 1624 should be equal
ok 1625 should be equal
ok 1626 should be equal
ok 1627 should be equal
ok 1628 should be equal
ok 1629 should be equal
ok 1630 should be equal
ok 1631 should be equal
ok 1632 should be equal
ok 1633 should be equal
ok 1634 should be equal
ok 1635 should be equal
ok 1636 should be equal
ok 1637 should be equal
ok 1638 should be equal
ok 1639 should be equal
ok 1640 should be equal
ok 1641 should be equal
ok 1642 should be equal
ok 1643 should be equal
ok 1644 should be equal
ok 1645 should be equal
ok 1646 should be equal
ok 1647 should be equal
ok 1648 should be equal
ok 1649 should be equal
ok 1650 should be equal
ok 1651 should be equal
ok 1652 should be equal
ok 1653 should be equal
ok 1654 should be equal
ok 1655 should be equal
ok 1656 should be equal
ok 1657 should be equal
ok 1658 should be equal
ok 1659 should be equal
ok 1660 should be equal
ok 1661 should be equal
ok 1662 should be equal
ok 1663 should be equal
ok 1664 should be equal
ok 1665 should be equal
ok 1666 should be equal
ok 1667 should be equal
ok 1668 should be equal
ok 1669 should be equal
ok 1670 should be equal
ok 1671 should be equal
ok 1672 should be equal
ok 1673 should be equal
ok 1674 should be equal
ok 1675 should be equal
ok 1676 should be equal
ok 1677 should be equal
ok 1678 should be equal
ok 1679 should be equal
ok 1680 should be equal
ok 1681 should be equal
ok 1682 should be equal
ok 1683 should be equal
ok 1684 should be equal
ok 1685 should be equal
ok 1686 should be equal
ok 1687 should be equal
ok 1688 should be equal
ok 1689 should be equal
ok 1690 should be equal
ok 1691 should be equal
ok 1692 should be equal
ok 1693 should be equal
ok 1694 should be equal
ok 1695 should be equal
ok 1696 should be equal
ok 1697 should be equal
ok 1698 should be equal
ok 1699 should be equal
ok 1700 should be equal
ok 1701 should be equal
ok 1702 should be equal
ok 1703 should be equal
ok 1704 should be equal
ok 1705 should be equal
ok 1706 should be equal
ok 1707 should be equal
ok 1708 should be equal
ok 1709 should be equal
ok 1710 should be equal
ok 1711 should be equal
ok 1712 should be equal
ok 1713 should be equal
ok 1714 should be equal
ok 1715 should be equal
ok 1716 should be equal
ok 1717 should be equal
ok 1718 should be equal
ok 1719 should be equal
ok 1720 should be equal
ok 1721 should be equal
ok 1722 should be equal
ok 1723 should be equal
ok 1724 should be equal
ok 1725 should be equal
ok 1726 should be equal
ok 1727 should be equal
ok 1728 should be equal
ok 1729 should be equal
ok 1730 should be equal
ok 1731 should be equal
ok 1732 should be equal
ok 1733 should be equal
ok 1734 should be equal
ok 1735 should be equal
ok 1736 should be equal
ok 1737 should be equal
ok 1738 should be equal
ok 1739 should be equal
ok 1740 should be equal
ok 1741 should be equal
ok 1742 should be equal
ok 1743 should be equal
ok 1744 should be equal
ok 1745 should be equal
ok 1746 should be equal
ok 1747 should be equal
ok 1748 should be equal
ok 1749 should be equal
ok 1750 should be equal
ok 1751 should be equal
ok 1752 should be equal
ok 1753 should be equal
ok 1754 should be equal
ok 1755 should be equal
ok 1756 should be equal
ok 1757 should be equal
ok 1758 should be equal
ok 1759 should be equal
ok 1760 should be equal
ok 1761 should be equal
ok 1762 should be equal
ok 1763 should be equal
ok 1764 should be equal
ok 1765 should be equal
ok 1766 should be equal
ok 1767 should be equal
ok 1768 should be equal
ok 1769 should be equal
ok 1770 should be equal
ok 1771 should be equal
ok 1772 should be equal
ok 1773 should be equal
ok 1774 should be equal
ok 1775 should be equal
ok 1776 should be equal
ok 1777 should be equal
ok 1778 should be equal
ok 1779 should be equal
ok 1780 should be equal
ok 1781 should be equal
ok 1782 should be equal
ok 1783 should be equal
ok 1784 should be equal
ok 1785 should be equal
ok 1786 should be equal
ok 1787 should be equal
ok 1788 should be equal
ok 1789 should be equal
ok 1790 should be equal
ok 1791 should be equal
ok 1792 should be equal
ok 1793 should be equal
ok 1794 should be equal
ok 1795 should be equal
ok 1796 should be equal
ok 1797 should be equal
ok 1798 should be equal
ok 1799 should be equal
ok 1800 should be equal
ok 1801 should be equal
ok 1802 should be equal
ok 1803 should be equal
ok 1804 should be equal
ok 1805 should be equal
ok 1806 should be equal
ok 1807 should be equal
ok 1808 should be equal
ok 1809 should be equal
ok 1810 should be equal
ok 1811 should be equal
ok 1812 should be equal
ok 1813 should be equal
ok 1814 should be equal
ok 1815 should be equal
ok 1816 should be equal
ok 1817 should be equal
ok 1818 should be equal
ok 1819 should be equal
ok 1820 should be equal
ok 1821 should be equal
ok 1822 should be equal
ok 1823 should be equal
ok 1824 should be equal
ok 1825 should be equal
ok 1826 should be equal
ok 1827 should be equal
ok 1828 should be equal
ok 1829 should be equal
ok 1830 should be equal
ok 1831 should be equal
ok 1832 should be equal
ok 1833 should be equal
ok 1834 should be equal
ok 1835 should be equal
ok 1836 should be equal
ok 1837 should be equal
ok 1838 should be equal
ok 1839 should be equal
ok 1840 should be equal
ok 1841 should be equal
ok 1842 should be equal
ok 1843 should be equal
ok 1844 should be equal
ok 1845 should be equal
ok 1846 should be equal
ok 1847 should be equal
ok 1848 should be equal
ok 1849 should be equal
ok 1850 should be equal
ok 1851 should be equal
ok 1852 should be equal
ok 1853 should be equal
ok 1854 should be equal
ok 1855 should be equal
ok 1856 should be equal
ok 1857 should be equal
ok 1858 should be equal
ok 1859 should be equal
ok 1860 should be equal
ok 1861 should be equal
ok 1862 should be equal
ok 1863 should be equal
ok 1864 should be equal
ok 1865 should be equal
ok 1866 should be equal
ok 1867 should be equal
ok 1868 should be equal
ok 1869 should be equal
ok 1870 should be equal
ok 1871 should be equal
ok 1872 should be equal
ok 1873 should be equal
ok 1874 should be equal
ok 1875 should be equal
ok 1876 should be equal
ok 1877 should be equal
ok 1878 should be equal
ok 1879 should be equal
ok 1880 should be equal
ok 1881 should be equal
ok 1882 should be equal
ok 1883 should be equal
ok 1884 should be equal
ok 1885 should be equal
ok 1886 should be equal
ok 1887 should be equal
ok 1888 should be equal
ok 1889 should be equal
ok 1890 should be equal
ok 1891 should be equal
ok 1892 should be equal
ok 1893 should be equal
ok 1894 should be equal
ok 1895 should be equal
ok 1896 should be equal
ok 1897 should be equal
ok 1898 should be equal
ok 1899 should be equal
ok 1900 should be equal
ok 1901 should be equal
ok 1902 should be equal
ok 1903 should be equal
ok 1904 should be equal
ok 1905 should be equal
ok 1906 should be equal
ok 1907 should be equal
ok 1908 should be equal
ok 1909 should be equal
ok 1910 should be equal
ok 1911 should be equal
ok 1912 should be equal
ok 1913 should be equal
ok 1914 should be equal
ok 1915 should be equal
ok 1916 should be equal
ok 1917 should be equal
ok 1918 should be equal
ok 1919 should be equal
ok 1920 should be equal
ok 1921 should be equal
ok 1922 should be equal
ok 1923 should be equal
ok 1924 should be equal
ok 1925 should be equal
ok 1926 should be equal
ok 1927 should be equal
ok 1928 should be equal
ok 1929 should be equal
ok 1930 should be equal
ok 1931 should be equal
ok 1932 should be equal
ok 1933 should be equal
ok 1934 should be equal
ok 1935 should be equal
ok 1936 should be equal
ok 1937 should be equal
ok 1938 should be equal
ok 1939 should be equal
# splitGraphemes with Intl.Segmenter returns properly split list from string
ok 1940 should be equivalent
ok 1941 should be equivalent
ok 1942 should be equivalent
ok 1943 should be equivalent
ok 1944 should be equivalent
ok 1945 should be equivalent
ok 1946 should be equivalent
ok 1947 should be equivalent
ok 1948 should be equivalent
ok 1949 should be equivalent
ok 1950 should be equivalent
ok 1951 should be equivalent
ok 1952 should be equivalent
ok 1953 should be equivalent
ok 1954 should be equivalent
ok 1955 should be equivalent
ok 1956 should be equivalent
ok 1957 should be equivalent
ok 1958 should be equivalent
ok 1959 should be equivalent
ok 1960 should be equivalent
ok 1961 should be equivalent
ok 1962 should be equivalent
ok 1963 should be equivalent
ok 1964 should be equivalent
ok 1965 should be equivalent
ok 1966 should be equivalent
ok 1967 should be equivalent
ok 1968 should be equivalent
ok 1969 should be equivalent
ok 1970 should be equivalent
ok 1971 should be equivalent
ok 1972 should be equivalent
ok 1973 should be equivalent
ok 1974 should be equivalent
ok 1975 should be equivalent
ok 1976 should be equivalent
ok 1977 should be equivalent
ok 1978 should be equivalent
ok 1979 should be equivalent
ok 1980 should be equivalent
ok 1981 should be equivalent
ok 1982 should be equivalent
ok 1983 should be equivalent
ok 1984 should be equivalent
ok 1985 should be equivalent
ok 1986 should be equivalent
ok 1987 should be equivalent
ok 1988 should be equivalent
ok 1989 should be equivalent
ok 1990 should be equivalent
ok 1991 should be equivalent
ok 1992 should be equivalent
ok 1993 should be equivalent
ok 1994 should be equivalent
ok 1995 should be equivalent
ok 1996 should be equivalent
ok 1997 should be equivalent
ok 1998 should be equivalent
ok 1999 should be equivalent
ok 2000 should be equivalent
ok 2001 should be equivalent
ok 2002 should be equivalent
ok 2003 should be equivalent
ok 2004 should be equivalent
ok 2005 should be equivalent
ok 2006 should be equivalent
ok 2007 should be equivalent
ok 2008 should be equivalent
ok 2009 should be equivalent
ok 2010 should be equivalent
ok 2011 should be equivalent
ok 2012 should be equivalent
ok 2013 should be equivalent
ok 2014 should be equivalent
ok 2015 should be equivalent
ok 2016 should be equivalent
ok 2017 should be equivalent
ok 2018 should be equivalent
ok 2019 should be equivalent
ok 2020 should be equivalent
ok 2021 should be equivalent
ok 2022 should be equivalent
ok 2023 should be equivalent
ok 2024 should be equivalent
ok 2025 should be equivalent
ok 2026 should be equivalent
ok 2027 should be equivalent
ok 2028 should be equivalent
ok 2029 should be equivalent
ok 2030 should be equivalent
ok 2031 should be equivalent
ok 2032 should be equivalent
ok 2033 should be equivalent
ok 2034 should be equivalent
ok 2035 should be equivalent
ok 2036 should be equivalent
ok 2037 should be equivalent
ok 2038 should be equivalent
ok 2039 should be equivalent
ok 2040 should be equivalent
ok 2041 should be equivalent
ok 2042 should be equivalent
ok 2043 should be equivalent
ok 2044 should be equivalent
ok 2045 should be equivalent
ok 2046 should be equivalent
ok 2047 should be equivalent
ok 2048 should be equivalent
ok 2049 should be equivalent
ok 2050 should be equivalent
ok 2051 should be equivalent
ok 2052 should be equivalent
ok 2053 should be equivalent
ok 2054 should be equivalent
ok 2055 should be equivalent
ok 2056 should be equivalent
ok 2057 should be equivalent
ok 2058 should be equivalent
ok 2059 should be equivalent
ok 2060 should be equivalent
ok 2061 should be equivalent
ok 2062 should be equivalent
ok 2063 should be equivalent
ok 2064 should be equivalent
ok 2065 should be equivalent
ok 2066 should be equivalent
ok 2067 should be equivalent
ok 2068 should be equivalent
ok 2069 should be equivalent
ok 2070 should be equivalent
ok 2071 should be equivalent
ok 2072 should be equivalent
ok 2073 should be equivalent
ok 2074 should be equivalent
ok 2075 should be equivalent
ok 2076 should be equivalent
ok 2077 should be equivalent
ok 2078 should be equivalent
ok 2079 should be equivalent
ok 2080 should be equivalent
ok 2081 should be equivalent
ok 2082 should be equivalent
ok 2083 should be equivalent
ok 2084 should be equivalent
ok 2085 should be equivalent
ok 2086 should be equivalent
ok 2087 should be equivalent
ok 2088 should be equivalent
ok 2089 should be equivalent
ok 2090 should be equivalent
ok 2091 should be equivalent
ok 2092 should be equivalent
ok 2093 should be equivalent
ok 2094 should be equivalent
ok 2095 should be equivalent
ok 2096 should be equivalent
ok 2097 should be equivalent
ok 2098 should be equivalent
ok 2099 should be equivalent
ok 2100 should be equivalent
ok 2101 should be equivalent
ok 2102 should be equivalent
ok 2103 should be equivalent
ok 2104 should be equivalent
ok 2105 should be equivalent
ok 2106 should be equivalent
ok 2107 should be equivalent
ok 2108 should be equivalent
ok 2109 should be equivalent
ok 2110 should be equivalent
ok 2111 should be equivalent
ok 2112 should be equivalent
ok 2113 should be equivalent
ok 2114 should be equivalent
ok 2115 should be equivalent
ok 2116 should be equivalent
ok 2117 should be equivalent
ok 2118 should be equivalent
ok 2119 should be equivalent
ok 2120 should be equivalent
ok 2121 should be equivalent
ok 2122 should be equivalent
ok 2123 should be equivalent
ok 2124 should be equivalent
ok 2125 should be equivalent
ok 2126 should be equivalent
ok 2127 should be equivalent
ok 2128 should be equivalent
ok 2129 should be equivalent
ok 2130 should be equivalent
ok 2131 should be equivalent
ok 2132 should be equivalent
ok 2133 should be equivalent
ok 2134 should be equivalent
ok 2135 should be equivalent
ok 2136 should be equivalent
ok 2137 should be equivalent
ok 2138 should be equivalent
ok 2139 should be equivalent
ok 2140 should be equivalent
ok 2141 should be equivalent
ok 2142 should be equivalent
ok 2143 should be equivalent
ok 2144 should be equivalent
ok 2145 should be equivalent
ok 2146 should be equivalent
ok 2147 should be equivalent
ok 2148 should be equivalent
ok 2149 should be equivalent
ok 2150 should be equivalent
ok 2151 should be equivalent
ok 2152 should be equivalent
ok 2153 should be equivalent
ok 2154 should be equivalent
ok 2155 should be equivalent
ok 2156 should be equivalent
ok 2157 should be equivalent
ok 2158 should be equivalent
ok 2159 should be equivalent
ok 2160 should be equivalent
ok 2161 should be equivalent
ok 2162 should be equivalent
ok 2163 should be equivalent
ok 2164 should be equivalent
ok 2165 should be equivalent
ok 2166 should be equivalent
ok 2167 should be equivalent
ok 2168 should be equivalent
ok 2169 should be equivalent
ok 2170 should be equivalent
ok 2171 should be equivalent
ok 2172 should be equivalent
ok 2173 should be equivalent
ok 2174 should be equivalent
ok 2175 should be equivalent
ok 2176 should be equivalent
ok 2177 should be equivalent
ok 2178 should be equivalent
ok 2179 should be equivalent
ok 2180 should be equivalent
ok 2181 should be equivalent
ok 2182 should be equivalent
ok 2183 should be equivalent
ok 2184 should be equivalent
ok 2185 should be equivalent
ok 2186 should be equivalent
ok 2187 should be equivalent
ok 2188 should be equivalent
ok 2189 should be equivalent
ok 2190 should be equivalent
ok 2191 should be equivalent
ok 2192 should be equivalent
ok 2193 should be equivalent
ok 2194 should be equivalent
ok 2195 should be equivalent
ok 2196 should be equivalent
ok 2197 should be equivalent
ok 2198 should be equivalent
ok 2199 should be equivalent
ok 2200 should be equivalent
ok 2201 should be equivalent
ok 2202 should be equivalent
ok 2203 should be equivalent
ok 2204 should be equivalent
ok 2205 should be equivalent
ok 2206 should be equivalent
ok 2207 should be equivalent
ok 2208 should be equivalent
ok 2209 should be equivalent
ok 2210 should be equivalent
ok 2211 should be equivalent
ok 2212 should be equivalent
ok 2213 should be equivalent
ok 2214 should be equivalent
ok 2215 should be equivalent
ok 2216 should be equivalent
ok 2217 should be equivalent
ok 2218 should be equivalent
ok 2219 should be equivalent
ok 2220 should be equivalent
ok 2221 should be equivalent
ok 2222 should be equivalent
ok 2223 should be equivalent
ok 2224 should be equivalent
ok 2225 should be equivalent
ok 2226 should be equivalent
ok 2227 should be equivalent
ok 2228 should be equivalent
ok 2229 should be equivalent
ok 2230 should be equivalent
ok 2231 should be equivalent
ok 2232 should be equivalent
ok 2233 should be equivalent
ok 2234 should be equivalent
ok 2235 should be equivalent
ok 2236 should be equivalent
ok 2237 should be equivalent
ok 2238 should be equivalent
ok 2239 should be equivalent
ok 2240 should be equivalent
ok 2241 should be equivalent
ok 2242 should be equivalent
ok 2243 should be equivalent
ok 2244 should be equivalent
ok 2245 should be equivalent
ok 2246 should be equivalent
ok 2247 should be equivalent
ok 2248 should be equivalent
ok 2249 should be equivalent
ok 2250 should be equivalent
ok 2251 should be equivalent
ok 2252 should be equivalent
ok 2253 should be equivalent
ok 2254 should be equivalent
ok 2255 should be equivalent
ok 2256 should be equivalent
ok 2257 should be equivalent
ok 2258 should be equivalent
ok 2259 should be equivalent
ok 2260 should be equivalent
ok 2261 should be equivalent
ok 2262 should be equivalent
ok 2263 should be equivalent
ok 2264 should be equivalent
ok 2265 should be equivalent
ok 2266 should be equivalent
ok 2267 should be equivalent
ok 2268 should be equivalent
ok 2269 should be equivalent
ok 2270 should be equivalent
ok 2271 should be equivalent
ok 2272 should be equivalent
ok 2273 should be equivalent
ok 2274 should be equivalent
ok 2275 should be equivalent
ok 2276 should be equivalent
ok 2277 should be equivalent
ok 2278 should be equivalent
ok 2279 should be equivalent
ok 2280 should be equivalent
ok 2281 should be equivalent
ok 2282 should be equivalent
ok 2283 should be equivalent
ok 2284 should be equivalent
ok 2285 should be equivalent
ok 2286 should be equivalent
ok 2287 should be equivalent
ok 2288 should be equivalent
ok 2289 should be equivalent
ok 2290 should be equivalent
ok 2291 should be equivalent
ok 2292 should be equivalent
ok 2293 should be equivalent
ok 2294 should be equivalent
ok 2295 should be equivalent
ok 2296 should be equivalent
ok 2297 should be equivalent
ok 2298 should be equivalent
ok 2299 should be equivalent
ok 2300 should be equivalent
ok 2301 should be equivalent
ok 2302 should be equivalent
ok 2303 should be equivalent
ok 2304 should be equivalent
ok 2305 should be equivalent
ok 2306 should be equivalent
ok 2307 should be equivalent
ok 2308 should be equivalent
ok 2309 should be equivalent
ok 2310 should be equivalent
ok 2311 should be equivalent
ok 2312 should be equivalent
ok 2313 should be equivalent
ok 2314 should be equivalent
ok 2315 should be equivalent
ok 2316 should be equivalent
ok 2317 should be equivalent
ok 2318 should be equivalent
ok 2319 should be equivalent
ok 2320 should be equivalent
ok 2321 should be equivalent
ok 2322 should be equivalent
ok 2323 should be equivalent
ok 2324 should be equivalent
ok 2325 should be equivalent
ok 2326 should be equivalent
ok 2327 should be equivalent
ok 2328 should be equivalent
ok 2329 should be equivalent
ok 2330 should be equivalent
ok 2331 should be equivalent
ok 2332 should be equivalent
ok 2333 should be equivalent
ok 2334 should be equivalent
ok 2335 should be equivalent
ok 2336 should be equivalent
ok 2337 should be equivalent
ok 2338 should be equivalent
ok 2339 should be equivalent
ok 2340 should be equivalent
ok 2341 should be equivalent
ok 2342 should be equivalent
ok 2343 should be equivalent
ok 2344 should be equivalent
ok 2345 should be equivalent
ok 2346 should be equivalent
ok 2347 should be equivalent
ok 2348 should be equivalent
ok 2349 should be equivalent
ok 2350 should be equivalent
ok 2351 should be equivalent
ok 2352 should be equivalent
ok 2353 should be equivalent
ok 2354 should be equivalent
ok 2355 should be equivalent
ok 2356 should be equivalent
ok 2357 should be equivalent
ok 2358 should be equivalent
ok 2359 should be equivalent
ok 2360 should be equivalent
ok 2361 should be equivalent
ok 2362 should be equivalent
ok 2363 should be equivalent
ok 2364 should be equivalent
ok 2365 should be equivalent
ok 2366 should be equivalent
ok 2367 should be equivalent
ok 2368 should be equivalent
ok 2369 should be equivalent
ok 2370 should be equivalent
ok 2371 should be equivalent
ok 2372 should be equivalent
ok 2373 should be equivalent
ok 2374 should be equivalent
ok 2375 should be equivalent
ok 2376 should be equivalent
ok 2377 should be equivalent
ok 2378 should be equivalent
ok 2379 should be equivalent
ok 2380 should be equivalent
ok 2381 should be equivalent
ok 2382 should be equivalent
ok 2383 should be equivalent
ok 2384 should be equivalent
ok 2385 should be equivalent
ok 2386 should be equivalent
ok 2387 should be equivalent
ok 2388 should be equivalent
ok 2389 should be equivalent
ok 2390 should be equivalent
ok 2391 should be equivalent
ok 2392 should be equivalent
ok 2393 should be equivalent
ok 2394 should be equivalent
ok 2395 should be equivalent
ok 2396 should be equivalent
ok 2397 should be equivalent
ok 2398 should be equivalent
ok 2399 should be equivalent
ok 2400 should be equivalent
ok 2401 should be equivalent
ok 2402 should be equivalent
ok 2403 should be equivalent
ok 2404 should be equivalent
ok 2405 should be equivalent
ok 2406 should be equivalent
ok 2407 should be equivalent
ok 2408 should be equivalent
ok 2409 should be equivalent
ok 2410 should be equivalent
ok 2411 should be equivalent
ok 2412 should be equivalent
ok 2413 should be equivalent
ok 2414 should be equivalent
ok 2415 should be equivalent
ok 2416 should be equivalent
ok 2417 should be equivalent
ok 2418 should be equivalent
ok 2419 should be equivalent
ok 2420 should be equivalent
ok 2421 should be equivalent
ok 2422 should be equivalent
ok 2423 should be equivalent
ok 2424 should be equivalent
ok 2425 should be equivalent
ok 2426 should be equivalent
ok 2427 should be equivalent
ok 2428 should be equivalent
ok 2429 should be equivalent
ok 2430 should be equivalent
ok 2431 should be equivalent
ok 2432 should be equivalent
ok 2433 should be equivalent
ok 2434 should be equivalent
ok 2435 should be equivalent
ok 2436 should be equivalent
ok 2437 should be equivalent
ok 2438 should be equivalent
ok 2439 should be equivalent
ok 2440 should be equivalent
ok 2441 should be equivalent
ok 2442 should be equivalent
ok 2443 should be equivalent
ok 2444 should be equivalent
ok 2445 should be equivalent
ok 2446 should be equivalent
ok 2447 should be equivalent
ok 2448 should be equivalent
ok 2449 should be equivalent
ok 2450 should be equivalent
ok 2451 should be equivalent
ok 2452 should be equivalent
ok 2453 should be equivalent
ok 2454 should be equivalent
ok 2455 should be equivalent
ok 2456 should be equivalent
ok 2457 should be equivalent
ok 2458 should be equivalent
ok 2459 should be equivalent
ok 2460 should be equivalent
ok 2461 should be equivalent
ok 2462 should be equivalent
ok 2463 should be equivalent
ok 2464 should be equivalent
ok 2465 should be equivalent
ok 2466 should be equivalent
ok 2467 should be equivalent
ok 2468 should be equivalent
ok 2469 should be equivalent
ok 2470 should be equivalent
ok 2471 should be equivalent
ok 2472 should be equivalent
ok 2473 should be equivalent
ok 2474 should be equivalent
ok 2475 should be equivalent
ok 2476 should be equivalent
ok 2477 should be equivalent
ok 2478 should be equivalent
ok 2479 should be equivalent
ok 2480 should be equivalent
ok 2481 should be equivalent
ok 2482 should be equivalent
ok 2483 should be equivalent
ok 2484 should be equivalent
ok 2485 should be equivalent
ok 2486 should be equivalent
ok 2487 should be equivalent
ok 2488 should be equivalent
ok 2489 should be equivalent
ok 2490 should be equivalent
ok 2491 should be equivalent
ok 2492 should be equivalent
ok 2493 should be equivalent
ok 2494 should be equivalent
ok 2495 should be equivalent
ok 2496 should be equivalent
ok 2497 should be equivalent
ok 2498 should be equivalent
ok 2499 should be equivalent
ok 2500 should be equivalent
ok 2501 should be equivalent
ok 2502 should be equivalent
ok 2503 should be equivalent
ok 2504 should be equivalent
ok 2505 should be equivalent
ok 2506 should be equivalent
ok 2507 should be equivalent
ok 2508 should be equivalent
ok 2509 should be equivalent
ok 2510 should be equivalent
ok 2511 should be equivalent
ok 2512 should be equivalent
ok 2513 should be equivalent
ok 2514 should be equivalent
ok 2515 should be equivalent
ok 2516 should be equivalent
ok 2517 should be equivalent
ok 2518 should be equivalent
ok 2519 should be equivalent
ok 2520 should be equivalent
ok 2521 should be equivalent
ok 2522 should be equivalent
ok 2523 should be equivalent
ok 2524 should be equivalent
ok 2525 should be equivalent
ok 2526 should be equivalent
ok 2527 should be equivalent
ok 2528 should be equivalent
ok 2529 should be equivalent
ok 2530 should be equivalent
ok 2531 should be equivalent
ok 2532 should be equivalent
ok 2533 should be equivalent
ok 2534 should be equivalent
ok 2535 should be equivalent
ok 2536 should be equivalent
ok 2537 should be equivalent
ok 2538 should be equivalent
ok 2539 should be equivalent
ok 2540 should be equivalent
ok 2541 should be equivalent
# iterateGraphemes with Intl.Segmenter returns properly split iterator from string
ok 2542 should be equivalent
ok 2543 should be equivalent
ok 2544 should be equivalent
ok 2545 should be equivalent
ok 2546 should be equivalent
ok 2547 should be equivalent
ok 2548 should be equivalent
ok 2549 should be equivalent
ok 2550 should be equivalent
ok 2551 should be equivalent
ok 2552 should be equivalent
ok 2553 should be equivalent
ok 2554 should be equivalent
ok 2555 should be equivalent
ok 2556 should be equivalent
ok 2557 should be equivalent
ok 2558 should be equivalent
ok 2559 should be equivalent
ok 2560 should be equivalent
ok 2561 should be equivalent
ok 2562 should be equivalent
ok 2563 should be equivalent
ok 2564 should be equivalent
ok 2565 should be equivalent
ok 2566 should be equivalent
ok 2567 should be equivalent
ok 2568 should be equivalent
ok 2569 should be equivalent
ok 2570 should be equivalent
ok 2571 should be equivalent
ok 2572 should be equivalent
ok 2573 should be equivalent
ok 2574 should be equivalent
ok 2575 should be equivalent
ok 2576 should be equivalent
ok 2577 should be equivalent
ok 2578 should be equivalent
ok 2579 should be equivalent
ok 2580 should be equivalent
ok 2581 should be equivalent
ok 2582 should be equivalent
ok 2583 should be equivalent
ok 2584 should be equivalent
ok 2585 should be equivalent
ok 2586 should be equivalent
ok 2587 should be equivalent
ok 2588 should be equivalent
ok 2589 should be equivalent
ok 2590 should be equivalent
ok 2591 should be equivalent
ok 2592 should be equivalent
ok 2593 should be equivalent
ok 2594 should be equivalent
ok 2595 should be equivalent
ok 2596 should be equivalent
ok 2597 should be equivalent
ok 2598 should be equivalent
ok 2599 should be equivalent
ok 2600 should be equivalent
ok 2601 should be equivalent
ok 2602 should be equivalent
ok 2603 should be equivalent
ok 2604 should be equivalent
ok 2605 should be equivalent
ok 2606 should be equivalent
ok 2607 should be equivalent
ok 2608 should be equivalent
ok 2609 should be equivalent
ok 2610 should be equivalent
ok 2611 should be equivalent
ok 2612 should be equivalent
ok 2613 should be equivalent
ok 2614 should be equivalent
ok 2615 should be equivalent
ok 2616 should be equivalent
ok 2617 should be equivalent
ok 2618 should be equivalent
ok 2619 should be equivalent
ok 2620 should be equivalent
ok 2621 should be equivalent
ok 2622 should be equivalent
ok 2623 should be equivalent
ok 2624 should be equivalent
ok 2625 should be equivalent
ok 2626 should be equivalent
ok 2627 should be equivalent
ok 2628 should be equivalent
ok 2629 should be equivalent
ok 2630 should be equivalent
ok 2631 should be equivalent
ok 2632 should be equivalent
ok 2633 should be equivalent
ok 2634 should be equivalent
ok 2635 should be equivalent
ok 2636 should be equivalent
ok 2637 should be equivalent
ok 2638 should be equivalent
ok 2639 should be equivalent
ok 2640 should be equivalent
ok 2641 should be equivalent
ok 2642 should be equivalent
ok 2643 should be equivalent
ok 2644 should be equivalent
ok 2645 should be equivalent
ok 2646 should be equivalent
ok 2647 should be equivalent
ok 2648 should be equivalent
ok 2649 should be equivalent
ok 2650 should be equivalent
ok 2651 should be equivalent
ok 2652 should be equivalent
ok 2653 should be equivalent
ok 2654 should be equivalent
ok 2655 should be equivalent
ok 2656 should be equivalent
ok 2657 should be equivalent
ok 2658 should be equivalent
ok 2659 should be equivalent
ok 2660 should be equivalent
ok 2661 should be equivalent
ok 2662 should be equivalent
ok 2663 should be equivalent
ok 2664 should be equivalent
ok 2665 should be equivalent
ok 2666 should be equivalent
ok 2667 should be equivalent
ok 2668 should be equivalent
ok 2669 should be equivalent
ok 2670 should be equivalent
ok 2671 should be equivalent
ok 2672 should be equivalent
ok 2673 should be equivalent
ok 2674 should be equivalent
ok 2675 should be equivalent
ok 2676 should be equivalent
ok 2677 should be equivalent
ok 2678 should be equivalent
ok 2679 should be equivalent
ok 2680 should be equivalent
ok 2681 should be equivalent
ok 2682 should be equivalent
ok 2683 should be equivalent
ok 2684 should be equivalent
ok 2685 should be equivalent
ok 2686 should be equivalent
ok 2687 should be equivalent
ok 2688 should be equivalent
ok 2689 should be equivalent
ok 2690 should be equivalent
ok 2691 should be equivalent
ok 2692 should be equivalent
ok 2693 should be equivalent
ok 2694 should be equivalent
ok 2695 should be equivalent
ok 2696 should be equivalent
ok 2697 should be equivalent
ok 2698 should be equivalent
ok 2699 should be equivalent
ok 2700 should be equivalent
ok 2701 should be equivalent
ok 2702 should be equivalent
ok 2703 should be equivalent
ok 2704 should be equivalent
ok 2705 should be equivalent
ok 2706 should be equivalent
ok 2707 should be equivalent
ok 2708 should be equivalent
ok 2709 should be equivalent
ok 2710 should be equivalent
ok 2711 should be equivalent
ok 2712 should be equivalent
ok 2713 should be equivalent
ok 2714 should be equivalent
ok 2715 should be equivalent
ok 2716 should be equivalent
ok 2717 should be equivalent
ok 2718 should be equivalent
ok 2719 should be equivalent
ok 2720 should be equivalent
ok 2721 should be equivalent
ok 2722 should be equivalent
ok 2723 should be equivalent
ok 2724 should be equivalent
ok 2725 should be equivalent
ok 2726 should be equivalent
ok 2727 should be equivalent
ok 2728 should be equivalent
ok 2729 should be equivalent
ok 2730 should be equivalent
ok 2731 should be equivalent
ok 2732 should be equivalent
ok 2733 should be equivalent
ok 2734 should be equivalent
ok 2735 should be equivalent
ok 2736 should be equivalent
ok 2737 should be equivalent
ok 2738 should be equivalent
ok 2739 should be equivalent
ok 2740 should be equivalent
ok 2741 should be equivalent
ok 2742 should be equivalent
ok 2743 should be equivalent
ok 2744 should be equivalent
ok 2745 should be equivalent
ok 2746 should be equivalent
ok 2747 should be equivalent
ok 2748 should be equivalent
ok 2749 should be equivalent
ok 2750 should be equivalent
ok 2751 should be equivalent
ok 2752 should be equivalent
ok 2753 should be equivalent
ok 2754 should be equivalent
ok 2755 should be equivalent
ok 2756 should be equivalent
ok 2757 should be equivalent
ok 2758 should be equivalent
ok 2759 should be equivalent
ok 2760 should be equivalent
ok 2761 should be equivalent
ok 2762 should be equivalent
ok 2763 should be equivalent
ok 2764 should be equivalent
ok 2765 should be equivalent
ok 2766 should be equivalent
ok 2767 should be equivalent
ok 2768 should be equivalent
ok 2769 should be equivalent
ok 2770 should be equivalent
ok 2771 should be equivalent
ok 2772 should be equivalent
ok 2773 should be equivalent
ok 2774 should be equivalent
ok 2775 should be equivalent
ok 2776 should be equivalent
ok 2777 should be equivalent
ok 2778 should be equivalent
ok 2779 should be equivalent
ok 2780 should be equivalent
ok 2781 should be equivalent
ok 2782 should be equivalent
ok 2783 should be equivalent
ok 2784 should be equivalent
ok 2785 should be equivalent
ok 2786 should be equivalent
ok 2787 should be equivalent
ok 2788 should be equivalent
ok 2789 should be equivalent
ok 2790 should be equivalent
ok 2791 should be equivalent
ok 2792 should be equivalent
ok 2793 should be equivalent
ok 2794 should be equivalent
ok 2795 should be equivalent
ok 2796 should be equivalent
ok 2797 should be equivalent
ok 2798 should be equivalent
ok 2799 should be equivalent
ok 2800 should be equivalent
ok 2801 should be equivalent
ok 2802 should be equivalent
ok 2803 should be equivalent
ok 2804 should be equivalent
ok 2805 should be equivalent
ok 2806 should be equivalent
ok 2807 should be equivalent
ok 2808 should be equivalent
ok 2809 should be equivalent
ok 2810 should be equivalent
ok 2811 should be equivalent
ok 2812 should be equivalent
ok 2813 should be equivalent
ok 2814 should be equivalent
ok 2815 should be equivalent
ok 2816 should be equivalent
ok 2817 should be equivalent
ok 2818 should be equivalent
ok 2819 should be equivalent
ok 2820 should be equivalent
ok 2821 should be equivalent
ok 2822 should be equivalent
ok 2823 should be equivalent
ok 2824 should be equivalent
ok 2825 should be equivalent
ok 2826 should be equivalent
ok 2827 should be equivalent
ok 2828 should be equivalent
ok 2829 should be equivalent
ok 2830 should be equivalent
ok 2831 should be equivalent
ok 2832 should be equivalent
ok 2833 should be equivalent
ok 2834 should be equivalent
ok 2835 should be equivalent
ok 2836 should be equivalent
ok 2837 should be equivalent
ok 2838 should be equivalent
ok 2839 should be equivalent
ok 2840 should be equivalent
ok 2841 should be equivalent
ok 2842 should be equivalent
ok 2843 should be equivalent
ok 2844 should be equivalent
ok 2845 should be equivalent
ok 2846 should be equivalent
ok 2847 should be equivalent
ok 2848 should be equivalent
ok 2849 should be equivalent
ok 2850 should be equivalent
ok 2851 should be equivalent
ok 2852 should be equivalent
ok 2853 should be equivalent
ok 2854 should be equivalent
ok 2855 should be equivalent
ok 2856 should be equivalent
ok 2857 should be equivalent
ok 2858 should be equivalent
ok 2859 should be equivalent
ok 2860 should be equivalent
ok 2861 should be equivalent
ok 2862 should be equivalent
ok 2863 should be equivalent
ok 2864 should be equivalent
ok 2865 should be equivalent
ok 2866 should be equivalent
ok 2867 should be equivalent
ok 2868 should be equivalent
ok 2869 should be equivalent
ok 2870 should be equivalent
ok 2871 should be equivalent
ok 2872 should be equivalent
ok 2873 should be equivalent
ok 2874 should be equivalent
ok 2875 should be equivalent
ok 2876 should be equivalent
ok 2877 should be equivalent
ok 2878 should be equivalent
ok 2879 should be equivalent
ok 2880 should be equivalent
ok 2881 should be equivalent
ok 2882 should be equivalent
ok 2883 should be equivalent
ok 2884 should be equivalent
ok 2885 should be equivalent
ok 2886 should be equivalent
ok 2887 should be equivalent
ok 2888 should be equivalent
ok 2889 should be equivalent
ok 2890 should be equivalent
ok 2891 should be equivalent
ok 2892 should be equivalent
ok 2893 should be equivalent
ok 2894 should be equivalent
ok 2895 should be equivalent
ok 2896 should be equivalent
ok 2897 should be equivalent
ok 2898 should be equivalent
ok 2899 should be equivalent
ok 2900 should be equivalent
ok 2901 should be equivalent
ok 2902 should be equivalent
ok 2903 should be equivalent
ok 2904 should be equivalent
ok 2905 should be equivalent
ok 2906 should be equivalent
ok 2907 should be equivalent
ok 2908 should be equivalent
ok 2909 should be equivalent
ok 2910 should be equivalent
ok 2911 should be equivalent
ok 2912 should be equivalent
ok 2913 should be equivalent
ok 2914 should be equivalent
ok 2915 should be equivalent
ok 2916 should be equivalent
ok 2917 should be equivalent
ok 2918 should be equivalent
ok 2919 should be equivalent
ok 2920 should be equivalent
ok 2921 should be equivalent
ok 2922 should be equivalent
ok 2923 should be equivalent
ok 2924 should be equivalent
ok 2925 should be equivalent
ok 2926 should be equivalent
ok 2927 should be equivalent
ok 2928 should be equivalent
ok 2929 should be equivalent
ok 2930 should be equivalent
ok 2931 should be equivalent
ok 2932 should be equivalent
ok 2933 should be equivalent
ok 2934 should be equivalent
ok 2935 should be equivalent
ok 2936 should be equivalent
ok 2937 should be equivalent
ok 2938 should be equivalent
ok 2939 should be equivalent
ok 2940 should be equivalent
ok 2941 should be equivalent
ok 2942 should be equivalent
ok 2943 should be equivalent
ok 2944 should be equivalent
ok 2945 should be equivalent
ok 2946 should be equivalent
ok 2947 should be equivalent
ok 2948 should be equivalent
ok 2949 should be equivalent
ok 2950 should be equivalent
ok 2951 should be equivalent
ok 2952 should be equivalent
ok 2953 should be equivalent
ok 2954 should be equivalent
ok 2955 should be equivalent
ok 2956 should be equivalent
ok 2957 should be equivalent
ok 2958 should be equivalent
ok 2959 should be equivalent
ok 2960 should be equivalent
ok 2961 should be equivalent
ok 2962 should be equivalent
ok 2963 should be equivalent
ok 2964 should be equivalent
ok 2965 should be equivalent
ok 2966 should be equivalent
ok 2967 should be equivalent
ok 2968 should be equivalent
ok 2969 should be equivalent
ok 2970 should be equivalent
ok 2971 should be equivalent
ok 2972 should be equivalent
ok 2973 should be equivalent
ok 2974 should be equivalent
ok 2975 should be equivalent
ok 2976 should be equivalent
ok 2977 should be equivalent
ok 2978 should be equivalent
ok 2979 should be equivalent
ok 2980 should be equivalent
ok 2981 should be equivalent
ok 2982 should be equivalent
ok 2983 should be equivalent
ok 2984 should be equivalent
ok 2985 should be equivalent
ok 2986 should be equivalent
ok 2987 should be equivalent
ok 2988 should be equivalent
ok 2989 should be equivalent
ok 2990 should be equivalent
ok 2991 should be equivalent
ok 2992 should be equivalent
ok 2993 should be equivalent
ok 2994 should be equivalent
ok 2995 should be equivalent
ok 2996 should be equivalent
ok 2997 should be equivalent
ok 2998 should be equivalent
ok 2999 should be equivalent
ok 3000 should be equivalent
ok 3001 should be equivalent
ok 3002 should be equivalent
ok 3003 should be equivalent
ok 3004 should be equivalent
ok 3005 should be equivalent
ok 3006 should be equivalent
ok 3007 should be equivalent
ok 3008 should be equivalent
ok 3009 should be equivalent
ok 3010 should be equivalent
ok 3011 should be equivalent
ok 3012 should be equivalent
ok 3013 should be equivalent
ok 3014 should be equivalent
ok 3015 should be equivalent
ok 3016 should be equivalent
ok 3017 should be equivalent
ok 3018 should be equivalent
ok 3019 should be equivalent
ok 3020 should be equivalent
ok 3021 should be equivalent
ok 3022 should be equivalent
ok 3023 should be equivalent
ok 3024 should be equivalent
ok 3025 should be equivalent
ok 3026 should be equivalent
ok 3027 should be equivalent
ok 3028 should be equivalent
ok 3029 should be equivalent
ok 3030 should be equivalent
ok 3031 should be equivalent
ok 3032 should be equivalent
ok 3033 should be equivalent
ok 3034 should be equivalent
ok 3035 should be equivalent
ok 3036 should be equivalent
ok 3037 should be equivalent
ok 3038 should be equivalent
ok 3039 should be equivalent
ok 3040 should be equivalent
ok 3041 should be equivalent
ok 3042 should be equivalent
ok 3043 should be equivalent
ok 3044 should be equivalent
ok 3045 should be equivalent
ok 3046 should be equivalent
ok 3047 should be equivalent
ok 3048 should be equivalent
ok 3049 should be equivalent
ok 3050 should be equivalent
ok 3051 should be equivalent
ok 3052 should be equivalent
ok 3053 should be equivalent
ok 3054 should be equivalent
ok 3055 should be equivalent
ok 3056 should be equivalent
ok 3057 should be equivalent
ok 3058 should be equivalent
ok 3059 should be equivalent
ok 3060 should be equivalent
ok 3061 should be equivalent
ok 3062 should be equivalent
ok 3063 should be equivalent
ok 3064 should be equivalent
ok 3065 should be equivalent
ok 3066 should be equivalent
ok 3067 should be equivalent
ok 3068 should be equivalent
ok 3069 should be equivalent
ok 3070 should be equivalent
ok 3071 should be equivalent
ok 3072 should be equivalent
ok 3073 should be equivalent
ok 3074 should be equivalent
ok 3075 should be equivalent
ok 3076 should be equivalent
ok 3077 should be equivalent
ok 3078 should be equivalent
ok 3079 should be equivalent
ok 3080 should be equivalent
ok 3081 should be equivalent
ok 3082 should be equivalent
ok 3083 should be equivalent
ok 3084 should be equivalent
ok 3085 should be equivalent
ok 3086 should be equivalent
ok 3087 should be equivalent
ok 3088 should be equivalent
ok 3089 should be equivalent
ok 3090 should be equivalent
ok 3091 should be equivalent
ok 3092 should be equivalent
ok 3093 should be equivalent
ok 3094 should be equivalent
ok 3095 should be equivalent
ok 3096 should be equivalent
ok 3097 should be equivalent
ok 3098 should be equivalent
ok 3099 should be equivalent
ok 3100 should be equivalent
ok 3101 should be equivalent
ok 3102 should be equivalent
ok 3103 should be equivalent
ok 3104 should be equivalent
ok 3105 should be equivalent
ok 3106 should be equivalent
ok 3107 should be equivalent
ok 3108 should be equivalent
ok 3109 should be equivalent
ok 3110 should be equivalent
ok 3111 should be equivalent
ok 3112 should be equivalent
ok 3113 should be equivalent
ok 3114 should be equivalent
ok 3115 should be equivalent
ok 3116 should be equivalent
ok 3117 should be equivalent
ok 3118 should be equivalent
ok 3119 should be equivalent
ok 3120 should be equivalent
ok 3121 should be equivalent
ok 3122 should be equivalent
ok 3123 should be equivalent
ok 3124 should be equivalent
ok 3125 should be equivalent
ok 3126 should be equivalent
ok 3127 should be equivalent
ok 3128 should be equivalent
ok 3129 should be equivalent
ok 3130 should be equivalent
ok 3131 should be equivalent
ok 3132 should be equivalent
ok 3133 should be equivalent
ok 3134 should be equivalent
ok 3135 should be equivalent
ok 3136 should be equivalent
ok 3137 should be equivalent
ok 3138 should be equivalent
ok 3139 should be equivalent
ok 3140 should be equivalent
ok 3141 should be equivalent
ok 3142 should be equivalent
ok 3143 should be equivalent
# countGraphemes with Intl.Segmenter returns the correct number of graphemes in string
ok 3144 should be equal
ok 3145 should be equal
ok 3146 should be equal
ok 3147 should be equal
ok 3148 should be equal
ok 3149 should be equal
ok 3150 should be equal
ok 3151 should be equal
ok 3152 should be equal
ok 3153 should be equal
ok 3154 should be equal
ok 3155 should be equal
ok 3156 should be equal
ok 3157 should be equal
ok 3158 should be equal
ok 3159 should be equal
ok 3160 should be equal
ok 3161 should be equal
ok 3162 should be equal
ok 3163 should be equal
ok 3164 should be equal
ok 3165 should be equal
ok 3166 should be equal
ok 3167 should be equal
ok 3168 should be equal
ok 3169 should be equal
ok 3170 should be equal
ok 3171 should be equal
ok 3172 should be equal
ok 3173 should be equal
ok 3174 should be equal
ok 3175 should be equal
ok 3176 should be equal
ok 3177 should be equal
ok 3178 should be equal
ok 3179 should be equal
ok 3180 should be equal
ok 3181 should be equal
ok 3182 should be equal
ok 3183 should be equal
ok 3184 should be equal
ok 3185 should be equal
ok 3186 should be equal
ok 3187 should be equal
ok 3188 should be equal
ok 3189 should be equal
ok 3190 should be equal
ok 3191 should be equal
ok 3192 should be equal
ok 3193 should be equal
ok 3194 should be equal
ok 3195 should be equal
ok 3196 should be equal
ok 3197 should be equal
ok 3198 should be equal
ok 3199 should be equal
ok 3200 should be equal
ok 3201 should be equal
ok 3202 should be equal
ok 3203 should be equal
ok 3204 should be equal
ok 3205 should be equal
ok 3206 should be equal
ok 3207 should be equal
ok 3208 should be equal
ok 3209 should be equal
ok 3210 should be equal
ok 3211 should be equal
ok 3212 should be equal
ok 3213 should be equal
ok 3214 should be equal
ok 3215 should be equal
ok 3216 should be equal
ok 3217 should be equal
ok 3218 should be equal
ok 3219 should be equal
ok 3220 should be equal
ok 3221 should be equal
ok 3222 should be equal
ok 3223 should be equal
ok 3224 should be equal
ok 3225 should be equal
ok 3226 should be equal
ok 3227 should be equal
ok 3228 should be equal
ok 3229 should be equal
ok 3230 should be equal
ok 3231 should be equal
ok 3232 should be equal
ok 3233 should be equal
ok 3234 should be equal
ok 3235 should be equal
ok 3236 should be equal
ok 3237 should be equal
ok 3238 should be equal
ok 3239 should be equal
ok 3240 should be equal
ok 3241 should be equal
ok 3242 should be equal
ok 3243 should be equal
ok 3244 should be equal
ok 3245 should be equal
ok 3246 should be equal
ok 3247 should be equal
ok 3248 should be equal
ok 3249 should be equal
ok 3250 should be equal
ok 3251 should be equal
ok 3252 should be equal
ok 3253 should be equal
ok 3254 should be equal
ok 3255 should be equal
ok 3256 should be equal
ok 3257 should be equal
ok 3258 should be equal
ok 3259 should be equal
ok 3260 should be equal
ok 3261 should be equal
ok 3262 should be equal
ok 3263 should be equal
ok 3264 should be equal
ok 3265 should be equal
ok 3266 should be equal
ok 3267 should be equal
ok 3268 should be equal
ok 3269 should be equal
ok 3270 should be equal
ok 3271 should be equal
ok 3272 should be equal
ok 3273 should be equal
ok 3274 should be equal
ok 3275 should be equal
ok 3276 should be equal
ok 3277 should be equal
ok 3278 should be equal
ok 3279 should be equal
ok 3280 should be equal
ok 3281 should be equal
ok 3282 should be equal
ok 3283 should be equal
ok 3284 should be equal
ok 3285 should be equal
ok 3286 should be equal
ok 3287 should be equal
ok 3288 should be equal
ok 3289 should be equal
ok 3290 should be equal
ok 3291 should be equal
ok 3292 should be equal
ok 3293 should be equal
ok 3294 should be equal
ok 3295 should be equal
ok 3296 should be equal
ok 3297 should be equal
ok 3298 should be equal
ok 3299 should be equal
ok 3300 should be equal
ok 3301 should be equal
ok 3302 should be equal
ok 3303 should be equal
ok 3304 should be equal
ok 3305 should be equal
ok 3306 should be equal
ok 3307 should be equal
ok 3308 should be equal
ok 3309 should be equal
ok 3310 should be equal
ok 3311 should be equal
ok 3312 should be equal
ok 3313 should be equal
ok 3314 should be equal
ok 3315 should be equal
ok 3316 should be equal
ok 3317 should be equal
ok 3318 should be equal
ok 3319 should be equal
ok 3320 should be equal
ok 3321 should be equal
ok 3322 should be equal
ok 3323 should be equal
ok 3324 should be equal
ok 3325 should be equal
ok 3326 should be equal
ok 3327 should be equal
ok 3328 should be equal
ok 3329 should be equal
ok 3330 should be equal
ok 3331 should be equal
ok 3332 should be equal
ok 3333 should be equal
ok 3334 should be equal
ok 3335 should be equal
ok 3336 should be equal
ok 3337 should be equal
ok 3338 should be equal
ok 3339 should be equal
ok 3340 should be equal
ok 3341 should be equal
ok 3342 should be equal
ok 3343 should be equal
ok 3344 should be equal
ok 3345 should be equal
ok 3346 should be equal
ok 3347 should be equal
ok 3348 should be equal
ok 3349 should be equal
ok 3350 should be equal
ok 3351 should be equal
ok 3352 should be equal
ok 3353 should be equal
ok 3354 should be equal
ok 3355 should be equal
ok 3356 should be equal
ok 3357 should be equal
ok 3358 should be equal
ok 3359 should be equal
ok 3360 should be equal
ok 3361 should be equal
ok 3362 should be equal
ok 3363 should be equal
ok 3364 should be equal
ok 3365 should be equal
ok 3366 should be equal
ok 3367 should be equal
ok 3368 should be equal
ok 3369 should be equal
ok 3370 should be equal
ok 3371 should be equal
ok 3372 should be equal
ok 3373 should be equal
ok 3374 should be equal
ok 3375 should be equal
ok 3376 should be equal
ok 3377 should be equal
ok 3378 should be equal
ok 3379 should be equal
ok 3380 should be equal
ok 3381 should be equal
ok 3382 should be equal
ok 3383 should be equal
ok 3384 should be equal
ok 3385 should be equal
ok 3386 should be equal
ok 3387 should be equal
ok 3388 should be equal
ok 3389 should be equal
ok 3390 should be equal
ok 3391 should be equal
ok 3392 should be equal
ok 3393 should be equal
ok 3394 should be equal
ok 3395 should be equal
ok 3396 should be equal
ok 3397 should be equal
ok 3398 should be equal
ok 3399 should be equal
ok 3400 should be equal
ok 3401 should be equal
ok 3402 should be equal
ok 3403 should be equal
ok 3404 should be equal
ok 3405 should be equal
ok 3406 should be equal
ok 3407 should be equal
ok 3408 should be equal
ok 3409 should be equal
ok 3410 should be equal
ok 3411 should be equal
ok 3412 should be equal
ok 3413 should be equal
ok 3414 should be equal
ok 3415 should be equal
ok 3416 should be equal
ok 3417 should be equal
ok 3418 should be equal
ok 3419 should be equal
ok 3420 should be equal
ok 3421 should be equal
ok 3422 should be equal
ok 3423 should be equal
ok 3424 should be equal
ok 3425 should be equal
ok 3426 should be equal
ok 3427 should be equal
ok 3428 should be equal
ok 3429 should be equal
ok 3430 should be equal
ok 3431 should be equal
ok 3432 should be equal
ok 3433 should be equal
ok 3434 should be equal
ok 3435 should be equal
ok 3436 should be equal
ok 3437 should be equal
ok 3438 should be equal
ok 3439 should be equal
ok 3440 should be equal
ok 3441 should be equal
ok 3442 should be equal
ok 3443 should be equal
ok 3444 should be equal
ok 3445 should be equal
ok 3446 should be equal
ok 3447 should be equal
ok 3448 should be equal
ok 3449 should be equal
ok 3450 should be equal
ok 3451 should be equal
ok 3452 should be equal
ok 3453 should be equal
ok 3454 should be equal
ok 3455 should be equal
ok 3456 should be equal
ok 3457 should be equal
ok 3458 should be equal
ok 3459 should be equal
ok 3460 should be equal
ok 3461 should be equal
ok 3462 should be equal
ok 3463 should be equal
ok 3464 should be equal
ok 3465 should be equal
ok 3466 should be equal
ok 3467 should be equal
ok 3468 should be equal
ok 3469 should be equal
ok 3470 should be equal
ok 3471 should be equal
ok 3472 should be equal
ok 3473 should be equal
ok 3474 should be equal
ok 3475 should be equal
ok 3476 should be equal
ok 3477 should be equal
ok 3478 should be equal
ok 3479 should be equal
ok 3480 should be equal
ok 3481 should be equal
ok 3482 should be equal
ok 3483 should be equal
ok 3484 should be equal
ok 3485 should be equal
ok 3486 should be equal
ok 3487 should be equal
ok 3488 should be equal
ok 3489 should be equal
ok 3490 should be equal
ok 3491 should be equal
ok 3492 should be equal
ok 3493 should be equal
ok 3494 should be equal
ok 3495 should be equal
ok 3496 should be equal
ok 3497 should be equal
ok 3498 should be equal
ok 3499 should be equal
ok 3500 should be equal
ok 3501 should be equal
ok 3502 should be equal
ok 3503 should be equal
ok 3504 should be equal
ok 3505 should be equal
ok 3506 should be equal
ok 3507 should be equal
ok 3508 should be equal
ok 3509 should be equal
ok 3510 should be equal
ok 3511 should be equal
ok 3512 should be equal
ok 3513 should be equal
ok 3514 should be equal
ok 3515 should be equal
ok 3516 should be equal
ok 3517 should be equal
ok 3518 should be equal
ok 3519 should be equal
ok 3520 should be equal
ok 3521 should be equal
ok 3522 should be equal
ok 3523 should be equal
ok 3524 should be equal
ok 3525 should be equal
ok 3526 should be equal
ok 3527 should be equal
ok 3528 should be equal
ok 3529 should be equal
ok 3530 should be equal
ok 3531 should be equal
ok 3532 should be equal
ok 3533 should be equal
ok 3534 should be equal
ok 3535 should be equal
ok 3536 should be equal
ok 3537 should be equal
ok 3538 should be equal
ok 3539 should be equal
ok 3540 should be equal
ok 3541 should be equal
ok 3542 should be equal
ok 3543 should be equal
ok 3544 should be equal
ok 3545 should be equal
ok 3546 should be equal
ok 3547 should be equal
ok 3548 should be equal
ok 3549 should be equal
ok 3550 should be equal
ok 3551 should be equal
ok 3552 should be equal
ok 3553 should be equal
ok 3554 should be equal
ok 3555 should be equal
ok 3556 should be equal
ok 3557 should be equal
ok 3558 should be equal
ok 3559 should be equal
ok 3560 should be equal
ok 3561 should be equal
ok 3562 should be equal
ok 3563 should be equal
ok 3564 should be equal
ok 3565 should be equal
ok 3566 should be equal
ok 3567 should be equal
ok 3568 should be equal
ok 3569 should be equal
ok 3570 should be equal
ok 3571 should be equal
ok 3572 should be equal
ok 3573 should be equal
ok 3574 should be equal
ok 3575 should be equal
ok 3576 should be equal
ok 3577 should be equal
ok 3578 should be equal
ok 3579 should be equal
ok 3580 should be equal
ok 3581 should be equal
ok 3582 should be equal
ok 3583 should be equal
ok 3584 should be equal
ok 3585 should be equal
ok 3586 should be equal
ok 3587 should be equal
ok 3588 should be equal
ok 3589 should be equal
ok 3590 should be equal
ok 3591 should be equal
ok 3592 should be equal
ok 3593 should be equal
ok 3594 should be equal
ok 3595 should be equal
ok 3596 should be equal
ok 3597 should be equal
ok 3598 should be equal
ok 3599 should be equal
ok 3600 should be equal
ok 3601 should be equal
ok 3602 should be equal
ok 3603 should be equal
ok 3604 should be equal
ok 3605 should be equal
ok 3606 should be equal
ok 3607 should be equal
ok 3608 should be equal
ok 3609 should be equal
ok 3610 should be equal
ok 3611 should be equal
ok 3612 should be equal
ok 3613 should be equal
ok 3614 should be equal
ok 3615 should be equal
ok 3616 should be equal
ok 3617 should be equal
ok 3618 should be equal
ok 3619 should be equal
ok 3620 should be equal
ok 3621 should be equal
ok 3622 should be equal
ok 3623 should be equal
ok 3624 should be equal
ok 3625 should be equal
ok 3626 should be equal
ok 3627 should be equal
ok 3628 should be equal
ok 3629 should be equal
ok 3630 should be equal
ok 3631 should be equal
ok 3632 should be equal
ok 3633 should be equal
ok 3634 should be equal
ok 3635 should be equal
ok 3636 should be equal
ok 3637 should be equal
ok 3638 should be equal
ok 3639 should be equal
ok 3640 should be equal
ok 3641 should be equal
ok 3642 should be equal
ok 3643 should be equal
ok 3644 should be equal
ok 3645 should be equal
ok 3646 should be equal
ok 3647 should be equal
ok 3648 should be equal
ok 3649 should be equal
ok 3650 should be equal
ok 3651 should be equal
ok 3652 should be equal
ok 3653 should be equal
ok 3654 should be equal
ok 3655 should be equal
ok 3656 should be equal
ok 3657 should be equal
ok 3658 should be equal
ok 3659 should be equal
ok 3660 should be equal
ok 3661 should be equal
ok 3662 should be equal
ok 3663 should be equal
ok 3664 should be equal
ok 3665 should be equal
ok 3666 should be equal
ok 3667 should be equal
ok 3668 should be equal
ok 3669 should be equal
ok 3670 should be equal
ok 3671 should be equal
ok 3672 should be equal
ok 3673 should be equal
ok 3674 should be equal
ok 3675 should be equal
ok 3676 should be equal
ok 3677 should be equal
ok 3678 should be equal
ok 3679 should be equal
ok 3680 should be equal
ok 3681 should be equal
ok 3682 should be equal
ok 3683 should be equal
ok 3684 should be equal
ok 3685 should be equal
ok 3686 should be equal
ok 3687 should be equal
ok 3688 should be equal
ok 3689 should be equal
ok 3690 should be equal
ok 3691 should be equal
ok 3692 should be equal
ok 3693 should be equal
ok 3694 should be equal
ok 3695 should be equal
ok 3696 should be equal
ok 3697 should be equal
ok 3698 should be equal
ok 3699 should be equal
ok 3700 should be equal
ok 3701 should be equal
ok 3702 should be equal
ok 3703 should be equal
ok 3704 should be equal
ok 3705 should be equal
ok 3706 should be equal
ok 3707 should be equal
ok 3708 should be equal
ok 3709 should be equal
ok 3710 should be equal
ok 3711 should be equal
ok 3712 should be equal
ok 3713 should be equal
ok 3714 should be equal
ok 3715 should be equal
ok 3716 should be equal
ok 3717 should be equal
ok 3718 should be equal
ok 3719 should be equal
ok 3720 should be equal
ok 3721 should be equal
ok 3722 should be equal
ok 3723 should be equal
ok 3724 should be equal
ok 3725 should be equal
ok 3726 should be equal
ok 3727 should be equal
ok 3728 should be equal
ok 3729 should be equal
ok 3730 should be equal
ok 3731 should be equal
ok 3732 should be equal
ok 3733 should be equal
ok 3734 should be equal
ok 3735 should be equal
ok 3736 should be equal
ok 3737 should be equal
ok 3738 should be equal
ok 3739 should be equal
ok 3740 should be equal
ok 3741 should be equal
ok 3742 should be equal
ok 3743 should be equal
ok 3744 should be equal
ok 3745 should be equal

1..3745
# tests 3745
# pass  3743
# fail  2

